Archive member included because of file (symbol)

c:/program files (x86)/gnu tools arm embedded/4.8 2013q4/bin/../lib/gcc/arm-none-eabi/4.8.3/../../../../arm-none-eabi/lib/armv7-m\libm.a(lib_a-s_sin.o)
                              ./src/pwm.o (sin)
c:/program files (x86)/gnu tools arm embedded/4.8 2013q4/bin/../lib/gcc/arm-none-eabi/4.8.3/../../../../arm-none-eabi/lib/armv7-m\libm.a(lib_a-sf_cos.o)
                              ./src/engine.o (cosf)
c:/program files (x86)/gnu tools arm embedded/4.8 2013q4/bin/../lib/gcc/arm-none-eabi/4.8.3/../../../../arm-none-eabi/lib/armv7-m\libm.a(lib_a-sf_sin.o)
                              ./src/engine.o (sinf)
c:/program files (x86)/gnu tools arm embedded/4.8 2013q4/bin/../lib/gcc/arm-none-eabi/4.8.3/../../../../arm-none-eabi/lib/armv7-m\libm.a(lib_a-wf_atan2.o)
                              ./src/engine.o (atan2f)
c:/program files (x86)/gnu tools arm embedded/4.8 2013q4/bin/../lib/gcc/arm-none-eabi/4.8.3/../../../../arm-none-eabi/lib/armv7-m\libm.a(lib_a-wf_fmod.o)
                              ./src/pwm.o (fmodf)
c:/program files (x86)/gnu tools arm embedded/4.8 2013q4/bin/../lib/gcc/arm-none-eabi/4.8.3/../../../../arm-none-eabi/lib/armv7-m\libm.a(lib_a-wf_sqrt.o)
                              ./src/engine.o (sqrtf)
c:/program files (x86)/gnu tools arm embedded/4.8 2013q4/bin/../lib/gcc/arm-none-eabi/4.8.3/../../../../arm-none-eabi/lib/armv7-m\libm.a(lib_a-e_rem_pio2.o)
                              c:/program files (x86)/gnu tools arm embedded/4.8 2013q4/bin/../lib/gcc/arm-none-eabi/4.8.3/../../../../arm-none-eabi/lib/armv7-m\libm.a(lib_a-s_sin.o) (__ieee754_rem_pio2)
c:/program files (x86)/gnu tools arm embedded/4.8 2013q4/bin/../lib/gcc/arm-none-eabi/4.8.3/../../../../arm-none-eabi/lib/armv7-m\libm.a(lib_a-ef_atan2.o)
                              c:/program files (x86)/gnu tools arm embedded/4.8 2013q4/bin/../lib/gcc/arm-none-eabi/4.8.3/../../../../arm-none-eabi/lib/armv7-m\libm.a(lib_a-wf_atan2.o) (__ieee754_atan2f)
c:/program files (x86)/gnu tools arm embedded/4.8 2013q4/bin/../lib/gcc/arm-none-eabi/4.8.3/../../../../arm-none-eabi/lib/armv7-m\libm.a(lib_a-ef_fmod.o)
                              c:/program files (x86)/gnu tools arm embedded/4.8 2013q4/bin/../lib/gcc/arm-none-eabi/4.8.3/../../../../arm-none-eabi/lib/armv7-m\libm.a(lib_a-wf_fmod.o) (__ieee754_fmodf)
c:/program files (x86)/gnu tools arm embedded/4.8 2013q4/bin/../lib/gcc/arm-none-eabi/4.8.3/../../../../arm-none-eabi/lib/armv7-m\libm.a(lib_a-ef_rem_pio2.o)
                              c:/program files (x86)/gnu tools arm embedded/4.8 2013q4/bin/../lib/gcc/arm-none-eabi/4.8.3/../../../../arm-none-eabi/lib/armv7-m\libm.a(lib_a-sf_cos.o) (__ieee754_rem_pio2f)
c:/program files (x86)/gnu tools arm embedded/4.8 2013q4/bin/../lib/gcc/arm-none-eabi/4.8.3/../../../../arm-none-eabi/lib/armv7-m\libm.a(lib_a-ef_sqrt.o)
                              c:/program files (x86)/gnu tools arm embedded/4.8 2013q4/bin/../lib/gcc/arm-none-eabi/4.8.3/../../../../arm-none-eabi/lib/armv7-m\libm.a(lib_a-wf_sqrt.o) (__ieee754_sqrtf)
c:/program files (x86)/gnu tools arm embedded/4.8 2013q4/bin/../lib/gcc/arm-none-eabi/4.8.3/../../../../arm-none-eabi/lib/armv7-m\libm.a(lib_a-k_cos.o)
                              c:/program files (x86)/gnu tools arm embedded/4.8 2013q4/bin/../lib/gcc/arm-none-eabi/4.8.3/../../../../arm-none-eabi/lib/armv7-m\libm.a(lib_a-s_sin.o) (__kernel_cos)
c:/program files (x86)/gnu tools arm embedded/4.8 2013q4/bin/../lib/gcc/arm-none-eabi/4.8.3/../../../../arm-none-eabi/lib/armv7-m\libm.a(lib_a-k_rem_pio2.o)
                              c:/program files (x86)/gnu tools arm embedded/4.8 2013q4/bin/../lib/gcc/arm-none-eabi/4.8.3/../../../../arm-none-eabi/lib/armv7-m\libm.a(lib_a-e_rem_pio2.o) (__kernel_rem_pio2)
c:/program files (x86)/gnu tools arm embedded/4.8 2013q4/bin/../lib/gcc/arm-none-eabi/4.8.3/../../../../arm-none-eabi/lib/armv7-m\libm.a(lib_a-k_sin.o)
                              c:/program files (x86)/gnu tools arm embedded/4.8 2013q4/bin/../lib/gcc/arm-none-eabi/4.8.3/../../../../arm-none-eabi/lib/armv7-m\libm.a(lib_a-s_sin.o) (__kernel_sin)
c:/program files (x86)/gnu tools arm embedded/4.8 2013q4/bin/../lib/gcc/arm-none-eabi/4.8.3/../../../../arm-none-eabi/lib/armv7-m\libm.a(lib_a-kf_cos.o)
                              c:/program files (x86)/gnu tools arm embedded/4.8 2013q4/bin/../lib/gcc/arm-none-eabi/4.8.3/../../../../arm-none-eabi/lib/armv7-m\libm.a(lib_a-sf_cos.o) (__kernel_cosf)
c:/program files (x86)/gnu tools arm embedded/4.8 2013q4/bin/../lib/gcc/arm-none-eabi/4.8.3/../../../../arm-none-eabi/lib/armv7-m\libm.a(lib_a-kf_rem_pio2.o)
                              c:/program files (x86)/gnu tools arm embedded/4.8 2013q4/bin/../lib/gcc/arm-none-eabi/4.8.3/../../../../arm-none-eabi/lib/armv7-m\libm.a(lib_a-ef_rem_pio2.o) (__kernel_rem_pio2f)
[...]
Memory Configuration

Name             Origin             Length             Attributes
FLASH            0x08000000         0x00040000         xr
RAM              0x20000000         0x0000c000         xrw
*default*        0x00000000         0xffffffff

Linker script and memory map

LOAD ./src/sys/itoa.o
LOAD ./src/sys/printf.o
LOAD ./src/startup/startup_stm32f10x_hd.o
LOAD ./src/VCP/src/hw_config.o
LOAD ./src/VCP/src/usb_desc.o
LOAD ./src/VCP/src/usb_endp.o
LOAD ./src/VCP/src/usb_istr.o
LOAD ./src/VCP/src/usb_prop.o
LOAD ./src/VCP/src/usb_pwr.o
LOAD ./src/adc.o
LOAD ./src/comio.o
LOAD ./src/commhandler.o
LOAD ./src/config.o
LOAD ./src/eeprom.o
LOAD ./src/engine.o
LOAD ./src/fasttrig.o
LOAD ./src/gyro.o
LOAD ./src/i2c.o
LOAD ./src/main.o
LOAD ./src/newlib_stubs.o
LOAD ./src/pins.o
LOAD ./src/pwm.o
LOAD ./src/rc.o
LOAD ./src/reboot.o
LOAD ./src/ringbuffer.o
LOAD ./src/stm32_it.o
LOAD ./src/stopwatch.o
LOAD ./src/system_stm32f10x.o
LOAD ./src/systick.o
LOAD ./src/usart.o
LOAD ./src/usb.o
LOAD ./src/utils.o
LOAD ./Libraries/STM32_USB-FS-Device_Driver/src/usb_core.o
LOAD ./Libraries/STM32_USB-FS-Device_Driver/src/usb_init.o
LOAD ./Libraries/STM32_USB-FS-Device_Driver/src/usb_int.o
LOAD ./Libraries/STM32_USB-FS-Device_Driver/src/usb_mem.o
LOAD ./Libraries/STM32_USB-FS-Device_Driver/src/usb_regs.o
LOAD ./Libraries/STM32_USB-FS-Device_Driver/src/usb_sil.o
LOAD ./Libraries/STM32F10x_StdPeriph_Driver/src/misc.o
LOAD ./Libraries/STM32F10x_StdPeriph_Driver/src/stm32f10x_adc.o
LOAD ./Libraries/STM32F10x_StdPeriph_Driver/src/stm32f10x_bkp.o
LOAD ./Libraries/STM32F10x_StdPeriph_Driver/src/stm32f10x_can.o
LOAD ./Libraries/STM32F10x_StdPeriph_Driver/src/stm32f10x_cec.o
LOAD ./Libraries/STM32F10x_StdPeriph_Driver/src/stm32f10x_crc.o
LOAD ./Libraries/STM32F10x_StdPeriph_Driver/src/stm32f10x_dac.o
LOAD ./Libraries/STM32F10x_StdPeriph_Driver/src/stm32f10x_dbgmcu.o
LOAD ./Libraries/STM32F10x_StdPeriph_Driver/src/stm32f10x_dma.o
LOAD ./Libraries/STM32F10x_StdPeriph_Driver/src/stm32f10x_exti.o
LOAD ./Libraries/STM32F10x_StdPeriph_Driver/src/stm32f10x_flash.o
LOAD ./Libraries/STM32F10x_StdPeriph_Driver/src/stm32f10x_fsmc.o
LOAD ./Libraries/STM32F10x_StdPeriph_Driver/src/stm32f10x_gpio.o
LOAD ./Libraries/STM32F10x_StdPeriph_Driver/src/stm32f10x_i2c.o
LOAD ./Libraries/STM32F10x_StdPeriph_Driver/src/stm32f10x_iwdg.o
LOAD ./Libraries/STM32F10x_StdPeriph_Driver/src/stm32f10x_pwr.o
LOAD ./Libraries/STM32F10x_StdPeriph_Driver/src/stm32f10x_rcc.o
LOAD ./Libraries/STM32F10x_StdPeriph_Driver/src/stm32f10x_rtc.o
LOAD ./Libraries/STM32F10x_StdPeriph_Driver/src/stm32f10x_sdio.o
LOAD ./Libraries/STM32F10x_StdPeriph_Driver/src/stm32f10x_spi.o
LOAD ./Libraries/STM32F10x_StdPeriph_Driver/src/stm32f10x_tim.o
LOAD ./Libraries/STM32F10x_StdPeriph_Driver/src/stm32f10x_usart.o
LOAD ./Libraries/STM32F10x_StdPeriph_Driver/src/stm32f10x_wwdg.o
LOAD c:/program files (x86)/gnu tools arm embedded/4.8 2013q4/bin/../lib/gcc/arm-none-eabi/4.8.3/../../../../arm-none-eabi/lib/armv7-m\libm.a
START GROUP
LOAD c:/program files (x86)/gnu tools arm embedded/4.8 2013q4/bin/../lib/gcc/arm-none-eabi/4.8.3/armv7-m\libgcc.a
LOAD c:/program files (x86)/gnu tools arm embedded/4.8 2013q4/bin/../lib/gcc/arm-none-eabi/4.8.3/../../../../arm-none-eabi/lib/armv7-m\libc.a
END GROUP
                0x2000c000                _estack = 0x2000c000
                0x00000000                _Min_Heap_Size = 0x0
                0x00000200                _Min_Stack_Size = 0x200

.isr_vector     0x08000000      0x1e4
                0x08000000                . = ALIGN (0x4)
 *(.isr_vector)
 .isr_vector    0x08000000      0x1e4 ./src/startup/startup_stm32f10x_hd.o
                0x08000000                g_pfnVectors
                0x080001e4                . = ALIGN (0x4)

.text           0x080001e8     0xbc30
                0x080001e8                . = ALIGN (0x4)
 *(.text)
 .text          0x080001e8      0x370 c:/program files (x86)/gnu tools arm embedded/4.8 2013q4/bin/../lib/gcc/arm-none-eabi/4.8.3/armv7-m\libgcc.a(_arm_addsubdf3.o)
                0x080001e8                __aeabi_drsub
                0x080001f0                __aeabi_dsub
                0x080001f0                __subdf3
                0x080001f4                __aeabi_dadd
                0x080001f4                __adddf3
                0x0800046c                __floatunsidf
                0x0800046c                __aeabi_ui2d
                0x0800048c                __floatsidf
                0x0800048c                __aeabi_i2d
                0x080004b0                __aeabi_f2d
                0x080004b0                __extendsfdf2
                0x080004ec                __floatundidf
                0x080004ec                __aeabi_ul2d
                0x080004fc                __floatdidf
                0x080004fc                __aeabi_l2d
 .text          0x08000558      0x424 c:/program files (x86)/gnu tools arm embedded/4.8 2013q4/bin/../lib/gcc/arm-none-eabi/4.8.3/armv7-m\libgcc.a(_arm_muldivdf3.o)
                0x08000558                __aeabi_dmul
                0x08000558                __muldf3
                0x080007ac                __divdf3
                0x080007ac                __aeabi_ddiv
 .text          0x0800097c      0x110 c:/program files (x86)/gnu tools arm embedded/4.8 2013q4/bin/../lib/gcc/arm-none-eabi/4.8.3/armv7-m\libgcc.a(_arm_cmpdf2.o)
                0x0800097c                __gtdf2
                0x0800097c                __gedf2
                0x08000984                __ltdf2
                0x08000984                __ledf2
                0x0800098c                __nedf2
                0x0800098c                __eqdf2
                0x0800098c                __cmpdf2
                0x08000a08                __aeabi_cdrcmple
                0x08000a18                __aeabi_cdcmpeq
                0x08000a18                __aeabi_cdcmple
                0x08000a28                __aeabi_dcmpeq
                0x08000a3c                __aeabi_dcmplt
                0x08000a50                __aeabi_dcmple
                0x08000a64                __aeabi_dcmpge
                0x08000a78                __aeabi_dcmpgt
 .text          0x08000a8c       0x50 c:/program files (x86)/gnu tools arm embedded/4.8 2013q4/bin/../lib/gcc/arm-none-eabi/4.8.3/armv7-m\libgcc.a(_arm_fixdfsi.o)
                0x08000a8c                __aeabi_d2iz
                0x08000a8c                __fixdfsi
 .text          0x08000adc       0xa0 c:/program files (x86)/gnu tools arm embedded/4.8 2013q4/bin/../lib/gcc/arm-none-eabi/4.8.3/armv7-m\libgcc.a(_arm_truncdfsf2.o)
                0x08000adc                __truncdfsf2
                0x08000adc                __aeabi_d2f
 .text          0x08000b7c      0x21c c:/program files (x86)/gnu tools arm embedded/4.8 2013q4/bin/../lib/gcc/arm-none-eabi/4.8.3/armv7-m\libgcc.a(_arm_addsubsf3.o)
                0x08000b7c                __aeabi_frsub
                0x08000b84                __subsf3
                0x08000b84                __aeabi_fsub
                0x08000b88                __aeabi_fadd
                0x08000b88                __addsf3
                0x08000ce8                __aeabi_ui2f
                0x08000ce8                __floatunsisf
                0x08000cf0                __aeabi_i2f
                0x08000cf0                __floatsisf
                0x08000d0c                __aeabi_ul2f
                0x08000d0c                __floatundisf
                0x08000d1c                __aeabi_l2f
                0x08000d1c                __floatdisf
 .text          0x08000d98      0x2a0 c:/program files (x86)/gnu tools arm embedded/4.8 2013q4/bin/../lib/gcc/arm-none-eabi/4.8.3/armv7-m\libgcc.a(_arm_muldivsf3.o)
                0x08000d98                __mulsf3
                0x08000d98                __aeabi_fmul
                0x08000f00                __aeabi_fdiv
                0x08000f00                __divsf3
 .text          0x08001038       0xec c:/program files (x86)/gnu tools arm embedded/4.8 2013q4/bin/../lib/gcc/arm-none-eabi/4.8.3/armv7-m\libgcc.a(_arm_cmpsf2.o)
                0x08001038                __gesf2
                0x08001038                __gtsf2
                0x08001040                __lesf2
                0x08001040                __ltsf2
                0x08001048                __nesf2
                0x08001048                __eqsf2
                0x08001048                __cmpsf2
                0x080010a8                __aeabi_cfrcmple
                0x080010b0                __aeabi_cfcmpeq
                0x080010b0                __aeabi_cfcmple
                0x080010c0                __aeabi_fcmpeq
                0x080010d4                __aeabi_fcmplt
                0x080010e8                __aeabi_fcmple
                0x080010fc                __aeabi_fcmpge
                0x08001110                __aeabi_fcmpgt
 .text          0x08001124       0x4c c:/program files (x86)/gnu tools arm embedded/4.8 2013q4/bin/../lib/gcc/arm-none-eabi/4.8.3/armv7-m\libgcc.a(_arm_fixsfsi.o)
                0x08001124                __aeabi_f2iz
                0x08001124                __fixsfsi
 .text          0x08001170       0xec c:/program files (x86)/gnu tools arm embedded/4.8 2013q4/bin/../lib/gcc/arm-none-eabi/4.8.3/../../../../arm-none-eabi/lib/armv7-m\libc.a(lib_a-memcpy.o)
                0x08001170                memcpy
 .text          0x0800125c       0x2c c:/program files (x86)/gnu tools arm embedded/4.8 2013q4/bin/../lib/gcc/arm-none-eabi/4.8.3/armv7-m\libgcc.a(_aeabi_uldivmod.o)
                0x0800125c                __aeabi_uldivmod
 .text          0x08001288       0x60 c:/program files (x86)/gnu tools arm embedded/4.8 2013q4/bin/../lib/gcc/arm-none-eabi/4.8.3/armv7-m\libgcc.a(bpabi.o)
                0x08001288                __gnu_ldivmod_helper
                0x080012b8                __gnu_uldivmod_helper
 .text          0x080012e8        0x4 c:/program files (x86)/gnu tools arm embedded/4.8 2013q4/bin/../lib/gcc/arm-none-eabi/4.8.3/armv7-m\libgcc.a(_dvmd_tls.o)
                0x080012e8                __aeabi_idiv0
                0x080012e8                __aeabi_ldiv0
 .text          0x080012ec      0x2a0 c:/program files (x86)/gnu tools arm embedded/4.8 2013q4/bin/../lib/gcc/arm-none-eabi/4.8.3/armv7-m\libgcc.a(_divdi3.o)
                0x080012ec                __divdi3
 .text          0x0800158c      0x290 c:/program files (x86)/gnu tools arm embedded/4.8 2013q4/bin/../lib/gcc/arm-none-eabi/4.8.3/armv7-m\libgcc.a(_udivdi3.o)
                0x0800158c                __udivdi3
 *(.text*)
 .text.Reset_Handler
                0x0800181c       0x50 ./src/startup/startup_stm32f10x_hd.o
                0x0800181c                Reset_Handler
 .text.Default_Handler
                0x0800186c        0x4 ./src/startup/startup_stm32f10x_hd.o
                0x0800186c                TIM8_TRG_COM_IRQHandler
                0x0800186c                TIM8_CC_IRQHandler
                0x0800186c                TIM1_CC_IRQHandler
                0x0800186c                TIM6_IRQHandler
                0x0800186c                PVD_IRQHandler
                0x0800186c                SDIO_IRQHandler
                0x0800186c                EXTI0_IRQHandler
                0x0800186c                I2C2_EV_IRQHandler
                0x0800186c                ADC1_2_IRQHandler
                0x0800186c                SPI1_IRQHandler
                0x0800186c                TAMPER_IRQHandler
                0x0800186c                DMA2_Channel2_IRQHandler
                0x0800186c                DMA1_Channel4_IRQHandler
                0x0800186c                USART3_IRQHandler
                0x0800186c                RTC_IRQHandler
                0x0800186c                DMA1_Channel7_IRQHandler
                0x0800186c                CAN1_RX1_IRQHandler
                0x0800186c                UART5_IRQHandler
                0x0800186c                ADC3_IRQHandler
                0x0800186c                TIM4_IRQHandler
                0x0800186c                DMA2_Channel1_IRQHandler
                0x0800186c                I2C1_EV_IRQHandler
                0x0800186c                DMA1_Channel6_IRQHandler
                0x0800186c                TIM3_IRQHandler
                0x0800186c                RCC_IRQHandler
                0x0800186c                TIM1_TRG_COM_IRQHandler
                0x0800186c                DMA1_Channel1_IRQHandler
                0x0800186c                Default_Handler
                0x0800186c                EXTI15_10_IRQHandler
                0x0800186c                TIM7_IRQHandler
                0x0800186c                EXTI9_5_IRQHandler
                0x0800186c                SPI2_IRQHandler
                0x0800186c                DMA1_Channel5_IRQHandler
                0x0800186c                USB_HP_CAN1_TX_IRQHandler
                0x0800186c                DMA1_Channel3_IRQHandler
                0x0800186c                FSMC_IRQHandler
                0x0800186c                WWDG_IRQHandler
                0x0800186c                TIM2_IRQHandler
                0x0800186c                TIM1_BRK_IRQHandler
                0x0800186c                EXTI1_IRQHandler
                0x0800186c                RTCAlarm_IRQHandler
                0x0800186c                DMA2_Channel4_5_IRQHandler
                0x0800186c                USART2_IRQHandler
                0x0800186c                I2C2_ER_IRQHandler
                0x0800186c                DMA1_Channel2_IRQHandler
                0x0800186c                TIM8_BRK_IRQHandler
                0x0800186c                CAN1_SCE_IRQHandler
                0x0800186c                FLASH_IRQHandler
                0x0800186c                USART1_IRQHandler
                0x0800186c                SPI3_IRQHandler
                0x0800186c                I2C1_ER_IRQHandler
                0x0800186c                DMA2_Channel3_IRQHandler
 .text.IntToUnicode
                0x08001870       0x30 ./src/VCP/src/hw_config.o
 .text.Set_System
                0x080018a0       0x6c ./src/VCP/src/hw_config.o
                0x080018a0                Set_System
 .text.Set_USBClock
                0x0800190c       0x18 ./src/VCP/src/hw_config.o
                0x0800190c                Set_USBClock
 .text.Leave_LowPowerMode
                0x08001924       0x24 ./src/VCP/src/hw_config.o
                0x08001924                Leave_LowPowerMode
 .text.USB_Interrupts_Config
                0x08001948       0x40 ./src/VCP/src/hw_config.o
                0x08001948                USB_Interrupts_Config
 .text.USB_Cable_Config
                0x08001988        0x4 ./src/VCP/src/hw_config.o
                0x08001988                USB_Cable_Config
 .text.Get_SerialNum
                0x0800198c       0x40 ./src/VCP/src/hw_config.o
                0x0800198c                Get_SerialNum
 .text.CDC_Send_DATA
                0x080019cc       0x48 ./src/VCP/src/hw_config.o
                0x080019cc                CDC_Send_DATA
 .text.CDC_Receive_DATA
                0x08001a14       0x6c ./src/VCP/src/hw_config.o
                0x08001a14                CDC_Receive_DATA
 .text.usbIsConnected
                0x08001a80       0x10 ./src/VCP/src/hw_config.o
                0x08001a80                usbIsConnected
 .text.ERR_Callback
                0x08001a90       0x14 ./src/VCP/src/hw_config.o
                0x08001a90                ERR_Callback
 .text.SetVCPConnectMode
                0x08001aa4       0x18 ./src/VCP/src/hw_config.o
                0x08001aa4                SetVCPConnectMode
 .text.GetVCPConnectMode
                0x08001abc        0xc ./src/VCP/src/hw_config.o
                0x08001abc                GetVCPConnectMode
 .text.EP3_OUT_Callback
                0x08001ac8       0x28 ./src/VCP/src/usb_endp.o
                0x08001ac8                EP3_OUT_Callback
 .text.USB_Istr
                0x08001af0       0xa0 ./src/VCP/src/usb_istr.o
                0x08001af0                USB_Istr
 .text.Virtual_Com_Port_SetConfiguration
                0x08001b90       0x18 ./src/VCP/src/usb_prop.o
                0x08001b90                Virtual_Com_Port_SetConfiguration
 .text.Virtual_Com_Port_SetDeviceAddress
                0x08001ba8        0xc ./src/VCP/src/usb_prop.o
                0x08001ba8                Virtual_Com_Port_SetDeviceAddress
 .text.Virtual_Com_Port_Status_In
                0x08001bb4       0x14 ./src/VCP/src/usb_prop.o
                0x08001bb4                Virtual_Com_Port_Status_In
 .text.Virtual_Com_Port_Status_Out
                0x08001bc8        0x4 ./src/VCP/src/usb_prop.o
                0x08001bc8                Virtual_Com_Port_Status_Out
 .text.Virtual_Com_Port_Get_Interface_Setting
                0x08001bcc       0x10 ./src/VCP/src/usb_prop.o
                0x08001bcc                Virtual_Com_Port_Get_Interface_Setting
 .text.Virtual_Com_Port_GetLineCoding
                0x08001bdc       0x18 ./src/VCP/src/usb_prop.o
                0x08001bdc                Virtual_Com_Port_GetLineCoding
 .text.Virtual_Com_Port_SetLineCoding
                0x08001bf4       0x18 ./src/VCP/src/usb_prop.o
                0x08001bf4                Virtual_Com_Port_SetLineCoding
 .text.Virtual_Com_Port_init
                0x08001c0c       0x24 ./src/VCP/src/usb_prop.o
                0x08001c0c                Virtual_Com_Port_init
 .text.Virtual_Com_Port_Reset
                0x08001c30       0xec ./src/VCP/src/usb_prop.o
                0x08001c30                Virtual_Com_Port_Reset
 .text.Virtual_Com_Port_Data_Setup
                0x08001d1c       0x64 ./src/VCP/src/usb_prop.o
                0x08001d1c                Virtual_Com_Port_Data_Setup
 .text.Virtual_Com_Port_NoData_Setup
                0x08001d80       0x30 ./src/VCP/src/usb_prop.o
                0x08001d80                Virtual_Com_Port_NoData_Setup
 .text.Virtual_Com_Port_GetDeviceDescriptor
                0x08001db0        0xc ./src/VCP/src/usb_prop.o
                0x08001db0                Virtual_Com_Port_GetDeviceDescriptor
 .text.Virtual_Com_Port_GetStringDescriptor
                0x08001dbc       0x20 ./src/VCP/src/usb_prop.o
                0x08001dbc                Virtual_Com_Port_GetStringDescriptor
 .text.Virtual_Com_Port_GetConfigDescriptor
                0x08001ddc       0x2c ./src/VCP/src/usb_prop.o
                0x08001ddc                Virtual_Com_Port_GetConfigDescriptor
 .text.PowerOn  0x08001e08       0x30 ./src/VCP/src/usb_pwr.o
                0x08001e08                PowerOn
 .text.Resume   0x08001e38       0xd8 ./src/VCP/src/usb_pwr.o
                0x08001e38                Resume
 .text.ADC_Config
                0x08001f10       0x84 ./src/adc.o
                0x08001f10                ADC_Config
 .text.ComInit  0x08001f94       0x2c ./src/comio.o
                0x08001f94                ComInit
 .text.print    0x08001fc0       0x38 ./src/comio.o
                0x08001fc0                print
 .text.printUSART
                0x08001ff8       0x28 ./src/comio.o
                0x08001ff8                printUSART
 .text.GetChar  0x08002020       0x38 ./src/comio.o
                0x08002020                GetChar
 .text.ComFlushInput
                0x08002058       0x18 ./src/comio.o
                0x08002058                ComFlushInput
 .text.PutChar  0x08002070       0x1c ./src/comio.o
                0x08002070                PutChar
 .text.DEBUG_PutChar
                0x0800208c        0x4 ./src/comio.o
                0x0800208c                DEBUG_PutChar
 .text.CommHandler
                0x08002090      0x2c8 ./src/commhandler.o
                0x08002090                CommHandler
 .text.configLoad
                0x08002358       0x28 ./src/config.o
                0x08002358                configLoad
 .text.configSave
                0x08002380       0x3c ./src/config.o
                0x08002380                configSave
 .text.printConfig
                0x080023bc       0x38 ./src/config.o
                0x080023bc                printConfig
 .text.WriteToEEPROM
                0x080023f4       0x3c ./src/eeprom.o
                0x080023f4                WriteToEEPROM
 .text.ReadFromEEPROM
                0x08002430       0x68 ./src/eeprom.o
                0x08002430                ReadFromEEPROM
 .text.roll_PID
                0x08002498       0x80 ./src/engine.o
                0x08002498                roll_PID
 .text.pitch_PID
                0x08002518       0x80 ./src/engine.o
                0x08002518                pitch_PID
 .text.yaw_PID  0x08002598       0x80 ./src/engine.o
                0x08002598                yaw_PID
 .text.Init_Orientation
                0x08002618       0x84 ./src/engine.o
                0x08002618                Init_Orientation
 .text.Get_Orientation
                0x0800269c      0x144 ./src/engine.o
                0x0800269c                Get_Orientation
 .text.autoPan  0x080027e0       0x94 ./src/engine.o
                0x080027e0                autoPan
 .text.engineProcess
                0x08002874      0x52c ./src/engine.o
                0x08002874                engineProcess
 .text.InitSinArray
                0x08002da0       0x4c ./src/fasttrig.o
                0x08002da0                InitSinArray
 .text.MPU6050_Init
                0x08002dec      0x1e4 ./src/gyro.o
                0x08002dec                MPU6050_Init
 .text.MPU6050_get
                0x08002fd0       0x90 ./src/gyro.o
                0x08002fd0                MPU6050_get
 .text.MPU6050_ACC_get
                0x08003060       0x58 ./src/gyro.o
                0x08003060                MPU6050_ACC_get
 .text.MPU6050_Gyro_get
                0x080030b8       0xac ./src/gyro.o
                0x080030b8                MPU6050_Gyro_get
 .text.MPU6050_Gyro_calibration
                0x08003164       0xb0 ./src/gyro.o
                0x08003164                MPU6050_Gyro_calibration
 .text.I2C1_Start
                0x08003214       0x50 ./src/i2c.o
                0x08003214                I2C1_Start
 .text.I2C1_Stop
                0x08003264       0x54 ./src/i2c.o
                0x08003264                I2C1_Stop
 .text.I2C1_Ack
                0x080032b8       0x54 ./src/i2c.o
                0x080032b8                I2C1_Ack
 .text.I2C1_NoAck
                0x0800330c       0x54 ./src/i2c.o
                0x0800330c                I2C1_NoAck
 .text.I2C1_SendByte
                0x08003360       0x6c ./src/i2c.o
                0x08003360                I2C1_SendByte
 .text.I2C1_ReceiveByte
                0x080033cc       0x74 ./src/i2c.o
                0x080033cc                I2C1_ReceiveByte
 .text.I2C1_WaitAck
                0x08003440       0x74 ./src/i2c.o
                0x08003440                I2C1_WaitAck
 .text.WatchDog
                0x080034b4       0x28 ./src/main.o
                0x080034b4                WatchDog
 .text.Periph_clock_enable
                0x080034dc       0x24 ./src/main.o
                0x080034dc                Periph_clock_enable
 .text.GetIdlePerf
                0x08003500        0xc ./src/main.o
                0x08003500                GetIdlePerf
 .text.setup    0x0800350c      0x1c0 ./src/main.o
                0x0800350c                setup
 .text.startup.main
                0x080036cc       0xdc ./src/main.o
                0x080036cc                main
 .text._write   0x080037a8       0x60 ./src/newlib_stubs.o
                0x080037a8                _write
 .text._sbrk    0x08003808       0x48 ./src/newlib_stubs.o
                0x08003808                _sbrk
 .text._init    0x08003850        0x4 ./src/newlib_stubs.o
                0x08003850                _init
 .text.GPIO_Config
                0x08003854      0x10c ./src/pins.o
                0x08003854                GPIO_Config
 .text.Timer_Channel_Config
                0x08003960       0x38 ./src/pwm.o
 .text.Timer_PWM_Advanced_Config
                0x08003998       0x9c ./src/pwm.o
 .text.Timer_PWM_General_Config
                0x08003a34       0x4c ./src/pwm.o
 .text.LimitYawPWM
                0x08003a80       0x3c ./src/pwm.o
                0x08003a80                LimitYawPWM
 .text.SetPWMFastTable
                0x08003abc       0xe0 ./src/pwm.o
                0x08003abc                SetPWMFastTable
 .text.SetRollMotor
                0x08003b9c       0x40 ./src/pwm.o
                0x08003b9c                SetRollMotor
 .text.SetPitchMotor
                0x08003bdc       0x40 ./src/pwm.o
                0x08003bdc                SetPitchMotor
 .text.SetYawMotor
                0x08003c1c       0x50 ./src/pwm.o
                0x08003c1c                SetYawMotor
 .text.TIM5_IRQHandler
                0x08003c6c       0xc0 ./src/pwm.o
                0x08003c6c                TIM5_IRQHandler
 .text.TIM1_UP_IRQHandler
                0x08003d2c       0x74 ./src/pwm.o
                0x08003d2c                TIM1_UP_IRQHandler
 .text.TIM8_UP_IRQHandler
                0x08003da0       0x74 ./src/pwm.o
                0x08003da0                TIM8_UP_IRQHandler
 .text.PWMOff   0x08003e14       0x50 ./src/pwm.o
                0x08003e14                PWMOff
 .text.PWMConfig
                0x08003e64      0x110 ./src/pwm.o
                0x08003e64                PWMConfig
 .text.Timer3_Config
                0x08003f74       0x38 ./src/rc.o
                0x08003f74                Timer3_Config
 .text.RC_Config
                0x08003fac       0xc8 ./src/rc.o
                0x08003fac                RC_Config
 .text.EXTI3_IRQHandler
                0x08004074       0x88 ./src/rc.o
                0x08004074                EXTI3_IRQHandler
 .text.EXTI2_IRQHandler
                0x080040fc       0x88 ./src/rc.o
                0x080040fc                EXTI2_IRQHandler
 .text.EXTI4_IRQHandler
                0x08004184       0x88 ./src/rc.o
                0x08004184                EXTI4_IRQHandler
 .text.Get_RC_Step
                0x0800420c      0x144 ./src/rc.o
                0x0800420c                Get_RC_Step
 .text.reboot   0x08004350       0x14 ./src/reboot.o
                0x08004350                reboot
 .text.bootloader
                0x08004364       0x50 ./src/reboot.o
                0x08004364                bootloader
 .text.RingBufferInit
                0x080043b4       0x10 ./src/ringbuffer.o
                0x080043b4                RingBufferInit
 .text.RingBufferSize
                0x080043c4        0x8 ./src/ringbuffer.o
                0x080043c4                RingBufferSize
 .text.RingBufferFillLevel
                0x080043cc       0x28 ./src/ringbuffer.o
                0x080043cc                RingBufferFillLevel
 .text.RingBufferPut
                0x080043f4       0x90 ./src/ringbuffer.o
                0x080043f4                RingBufferPut
 .text.RingBufferPutBlock
                0x08004484       0xd0 ./src/ringbuffer.o
                0x08004484                RingBufferPutBlock
 .text.RingBufferGet
                0x08004554       0x30 ./src/ringbuffer.o
                0x08004554                RingBufferGet
 .text.NMI_Handler
                0x08004584        0x4 ./src/stm32_it.o
                0x08004584                NMI_Handler
 .text.HardFault_Handler
                0x08004588        0x4 ./src/stm32_it.o
                0x08004588                HardFault_Handler
 .text.MemManage_Handler
                0x0800458c        0x4 ./src/stm32_it.o
                0x0800458c                MemManage_Handler
 .text.BusFault_Handler
                0x08004590        0x4 ./src/stm32_it.o
                0x08004590                BusFault_Handler
 .text.UsageFault_Handler
                0x08004594        0x4 ./src/stm32_it.o
                0x08004594                UsageFault_Handler
 .text.SVC_Handler
                0x08004598        0x4 ./src/stm32_it.o
                0x08004598                SVC_Handler
 .text.DebugMon_Handler
                0x0800459c        0x4 ./src/stm32_it.o
                0x0800459c                DebugMon_Handler
 .text.PendSV_Handler
                0x080045a0        0x4 ./src/stm32_it.o
                0x080045a0                PendSV_Handler
 .text.USB_LP_CAN1_RX0_IRQHandler
                0x080045a4        0x4 ./src/stm32_it.o
                0x080045a4                USB_LP_CAN1_RX0_IRQHandler
 .text.USBWakeUp_IRQHandler
                0x080045a8        0x8 ./src/stm32_it.o
                0x080045a8                USBWakeUp_IRQHandler
 .text.StopWatchInit
                0x080045b0       0x10 ./src/stopwatch.o
                0x080045b0                StopWatchInit
 .text.StopWatchLap
                0x080045c0       0x10 ./src/stopwatch.o
                0x080045c0                StopWatchLap
 .text.StopWatchTotal
                0x080045d0        0x8 ./src/stopwatch.o
                0x080045d0                StopWatchTotal
 .text.SystemCoreClockUpdate
                0x080045d8       0x5c ./src/system_stm32f10x.o
                0x080045d8                SystemCoreClockUpdate
 .text.SystemInit
                0x08004634      0x13c ./src/system_stm32f10x.o
                0x08004634                SystemInit
 .text.micros   0x08004770       0x54 ./src/systick.o
                0x08004770                micros
 .text.millis   0x080047c4        0xc ./src/systick.o
                0x080047c4                millis
 .text.SysTick_Handler
                0x080047d0       0x28 ./src/systick.o
                0x080047d0                SysTick_Handler
 .text.SysTickAttachCallback
                0x080047f8        0xc ./src/systick.o
                0x080047f8                SysTickAttachCallback
 .text.InitSysTick
                0x08004804       0x54 ./src/systick.o
                0x08004804                InitSysTick
 .text.UART4EnableTxInterrupt
                0x08004858       0x10 ./src/usart.o
                0x08004858                UART4EnableTxInterrupt
 .text.InitUart4BufferIRQ
                0x08004868       0x30 ./src/usart.o
                0x08004868                InitUart4BufferIRQ
 .text.USART_GetChar
                0x08004898        0xc ./src/usart.o
                0x08004898                USART_GetChar
 .text.USART_Flush
                0x080048a4       0x14 ./src/usart.o
                0x080048a4                USART_Flush
 .text.USART_PutChar
                0x080048b8       0x10 ./src/usart.o
                0x080048b8                USART_PutChar
 .text.USART_PutString
                0x080048c8       0x20 ./src/usart.o
                0x080048c8                USART_PutString
 .text.UART4_IRQHandler
                0x080048e8       0xac ./src/usart.o
                0x080048e8                UART4_IRQHandler
 .text.InitUart4Buffer
                0x08004994       0x24 ./src/usart.o
                0x08004994                InitUart4Buffer
 .text.Usart4Init
                0x080049b8       0x98 ./src/usart.o
                0x080049b8                Usart4Init
 .text.usbOverrun
                0x08004a50        0xc ./src/usb.o
                0x08004a50                usbOverrun
 .text.USBPushTXData
                0x08004a5c       0x44 ./src/usb.o
                0x08004a5c                USBPushTXData
 .text.USBPushTX
                0x08004aa0       0x24 ./src/usb.o
                0x08004aa0                USBPushTX
 .text.EP1_IN_Callback
                0x08004ac4       0x2c ./src/usb.o
                0x08004ac4                EP1_IN_Callback
 .text.setupUSB
                0x08004af0       0x28 ./src/usb.o
                0x08004af0                setupUSB
 .text.usbSendBytes
                0x08004b18       0x20 ./src/usb.o
                0x08004b18                usbSendBytes
 .text.usbBytesAvailable
                0x08004b38        0xc ./src/usb.o
                0x08004b38                usbBytesAvailable
 .text.usbReceiveBytes
                0x08004b44       0x1c ./src/usb.o
                0x08004b44                usbReceiveBytes
 .text.LEDon    0x08004b60       0x10 ./src/utils.o
                0x08004b60                LEDon
 .text.LEDoff   0x08004b70       0x10 ./src/utils.o
                0x08004b70                LEDoff
 .text.LEDtoggle
                0x08004b80       0x18 ./src/utils.o
                0x08004b80                LEDtoggle
 .text.DEBUG_LEDon
                0x08004b98        0xc ./src/utils.o
                0x08004b98                DEBUG_LEDon
 .text.DEBUG_LEDoff
                0x08004ba4        0xc ./src/utils.o
                0x08004ba4                DEBUG_LEDoff
 .text.DEBUG_LEDtoggle
                0x08004bb0       0x14 ./src/utils.o
                0x08004bb0                DEBUG_LEDtoggle
 .text.Blink    0x08004bc4       0x38 ./src/utils.o
                0x08004bc4                Blink
 .text.Delay_us
                0x08004bfc       0x10 ./src/utils.o
                0x08004bfc                Delay_us
 .text.Delay_ms
                0x08004c0c       0x10 ./src/utils.o
                0x08004c0c                Delay_ms
 .text.Rad2Deg  0x08004c1c       0x10 ./src/utils.o
                0x08004c1c                Rad2Deg
 .text.Deg2Rad  0x08004c2c       0x10 ./src/utils.o
                0x08004c2c                Deg2Rad
 .text.Round    0x08004c3c       0x24 ./src/utils.o
                0x08004c3c                Round
 .text.Standard_GetConfiguration
                0x08004c60       0x28 ./Libraries/STM32_USB-FS-Device_Driver/src/usb_core.o
                0x08004c60                Standard_GetConfiguration
 .text.Standard_GetInterface
                0x08004c88       0x28 ./Libraries/STM32_USB-FS-Device_Driver/src/usb_core.o
                0x08004c88                Standard_GetInterface
 .text.Standard_GetStatus
                0x08004cb0       0x98 ./Libraries/STM32_USB-FS-Device_Driver/src/usb_core.o
                0x08004cb0                Standard_GetStatus
 .text.DataStageIn
                0x08004d48       0xb8 ./Libraries/STM32_USB-FS-Device_Driver/src/usb_core.o
 .text.Standard_SetConfiguration
                0x08004e00       0x3c ./Libraries/STM32_USB-FS-Device_Driver/src/usb_core.o
                0x08004e00                Standard_SetConfiguration
 .text.Standard_SetInterface
                0x08004e3c       0x50 ./Libraries/STM32_USB-FS-Device_Driver/src/usb_core.o
                0x08004e3c                Standard_SetInterface
 .text.Standard_ClearFeature
                0x08004e8c       0xdc ./Libraries/STM32_USB-FS-Device_Driver/src/usb_core.o
                0x08004e8c                Standard_ClearFeature
 .text.Standard_SetEndPointFeature
                0x08004f68       0xa0 ./Libraries/STM32_USB-FS-Device_Driver/src/usb_core.o
                0x08004f68                Standard_SetEndPointFeature
 .text.Standard_GetDescriptorData
                0x08005008       0x1c ./Libraries/STM32_USB-FS-Device_Driver/src/usb_core.o
                0x08005008                Standard_GetDescriptorData
 .text.Post0_Process
                0x08005024       0x40 ./Libraries/STM32_USB-FS-Device_Driver/src/usb_core.o
                0x08005024                Post0_Process
 .text.Setup0_Process
                0x08005064      0x380 ./Libraries/STM32_USB-FS-Device_Driver/src/usb_core.o
                0x08005064                Setup0_Process
 .text.Out0_Process
                0x080053e4       0xe0 ./Libraries/STM32_USB-FS-Device_Driver/src/usb_core.o
                0x080053e4                Out0_Process
 .text.SetDeviceAddress
                0x080054c4       0x40 ./Libraries/STM32_USB-FS-Device_Driver/src/usb_core.o
                0x080054c4                SetDeviceAddress
 .text.In0_Process
                0x08005504       0x70 ./Libraries/STM32_USB-FS-Device_Driver/src/usb_core.o
                0x08005504                In0_Process
 .text.NOP_Process
                0x08005574        0x4 ./Libraries/STM32_USB-FS-Device_Driver/src/usb_core.o
                0x08005574                NOP_Process
 .text.USB_Init
                0x08005578       0x38 ./Libraries/STM32_USB-FS-Device_Driver/src/usb_init.o
                0x08005578                USB_Init
 .text.CTR_LP   0x080055b0      0x184 ./Libraries/STM32_USB-FS-Device_Driver/src/usb_int.o
                0x080055b0                CTR_LP
 .text.UserToPMABufferCopy
                0x08005734       0x3c ./Libraries/STM32_USB-FS-Device_Driver/src/usb_mem.o
                0x08005734                UserToPMABufferCopy
 .text.PMAToUserBufferCopy
                0x08005770       0x20 ./Libraries/STM32_USB-FS-Device_Driver/src/usb_mem.o
                0x08005770                PMAToUserBufferCopy
 .text.SetBTABLE
                0x08005790       0x10 ./Libraries/STM32_USB-FS-Device_Driver/src/usb_regs.o
                0x08005790                SetBTABLE
 .text.SetEPType
                0x080057a0       0x1c ./Libraries/STM32_USB-FS-Device_Driver/src/usb_regs.o
                0x080057a0                SetEPType
 .text.SetEPTxStatus
                0x080057bc       0x34 ./Libraries/STM32_USB-FS-Device_Driver/src/usb_regs.o
                0x080057bc                SetEPTxStatus
 .text.SetEPRxStatus
                0x080057f0       0x34 ./Libraries/STM32_USB-FS-Device_Driver/src/usb_regs.o
                0x080057f0                SetEPRxStatus
 .text.SetEPTxValid
                0x08005824       0x28 ./Libraries/STM32_USB-FS-Device_Driver/src/usb_regs.o
                0x08005824                SetEPTxValid
 .text.SetEPRxValid
                0x0800584c       0x28 ./Libraries/STM32_USB-FS-Device_Driver/src/usb_regs.o
                0x0800584c                SetEPRxValid
 .text.Clear_Status_Out
                0x08005874       0x20 ./Libraries/STM32_USB-FS-Device_Driver/src/usb_regs.o
                0x08005874                Clear_Status_Out
 .text.ClearDTOG_RX
                0x08005894       0x24 ./Libraries/STM32_USB-FS-Device_Driver/src/usb_regs.o
                0x08005894                ClearDTOG_RX
 .text.ClearDTOG_TX
                0x080058b8       0x24 ./Libraries/STM32_USB-FS-Device_Driver/src/usb_regs.o
                0x080058b8                ClearDTOG_TX
 .text.SetEPTxAddr
                0x080058dc       0x20 ./Libraries/STM32_USB-FS-Device_Driver/src/usb_regs.o
                0x080058dc                SetEPTxAddr
 .text.SetEPRxAddr
                0x080058fc       0x20 ./Libraries/STM32_USB-FS-Device_Driver/src/usb_regs.o
                0x080058fc                SetEPRxAddr
 .text.GetEPTxAddr
                0x0800591c       0x1c ./Libraries/STM32_USB-FS-Device_Driver/src/usb_regs.o
                0x0800591c                GetEPTxAddr
 .text.GetEPRxAddr
                0x08005938       0x1c ./Libraries/STM32_USB-FS-Device_Driver/src/usb_regs.o
                0x08005938                GetEPRxAddr
 .text.SetEPTxCount
                0x08005954       0x1c ./Libraries/STM32_USB-FS-Device_Driver/src/usb_regs.o
                0x08005954                SetEPTxCount
 .text.SetEPRxCount
                0x08005970       0x44 ./Libraries/STM32_USB-FS-Device_Driver/src/usb_regs.o
                0x08005970                SetEPRxCount
 .text.GetEPRxCount
                0x080059b4       0x20 ./Libraries/STM32_USB-FS-Device_Driver/src/usb_regs.o
                0x080059b4                GetEPRxCount
 .text.ByteSwap
                0x080059d4        0xc ./Libraries/STM32_USB-FS-Device_Driver/src/usb_regs.o
                0x080059d4                ByteSwap
 .text.USB_SIL_Init
                0x080059e0       0x28 ./Libraries/STM32_USB-FS-Device_Driver/src/usb_sil.o
                0x080059e0                USB_SIL_Init
 .text.NVIC_PriorityGroupConfig
                0x08005a08       0x14 ./Libraries/STM32F10x_StdPeriph_Driver/src/misc.o
                0x08005a08                NVIC_PriorityGroupConfig
 .text.NVIC_Init
                0x08005a1c       0x70 ./Libraries/STM32F10x_StdPeriph_Driver/src/misc.o
                0x08005a1c                NVIC_Init
 .text.ADC_DeInit
                0x08005a8c       0x6c ./Libraries/STM32F10x_StdPeriph_Driver/src/stm32f10x_adc.o
                0x08005a8c                ADC_DeInit
 .text.ADC_Init
                0x08005af8       0x48 ./Libraries/STM32F10x_StdPeriph_Driver/src/stm32f10x_adc.o
                0x08005af8                ADC_Init
 .text.ADC_Cmd  0x08005b40       0x14 ./Libraries/STM32F10x_StdPeriph_Driver/src/stm32f10x_adc.o
                0x08005b40                ADC_Cmd
 .text.ADC_ResetCalibration
                0x08005b54        0xc ./Libraries/STM32F10x_StdPeriph_Driver/src/stm32f10x_adc.o
                0x08005b54                ADC_ResetCalibration
 .text.ADC_GetResetCalibrationStatus
                0x08005b60        0x8 ./Libraries/STM32F10x_StdPeriph_Driver/src/stm32f10x_adc.o
                0x08005b60                ADC_GetResetCalibrationStatus
 .text.ADC_StartCalibration
                0x08005b68        0xc ./Libraries/STM32F10x_StdPeriph_Driver/src/stm32f10x_adc.o
                0x08005b68                ADC_StartCalibration
 .text.ADC_GetCalibrationStatus
                0x08005b74        0x8 ./Libraries/STM32F10x_StdPeriph_Driver/src/stm32f10x_adc.o
                0x08005b74                ADC_GetCalibrationStatus
 .text.EXTI_Init
                0x08005b7c       0x80 ./Libraries/STM32F10x_StdPeriph_Driver/src/stm32f10x_exti.o
                0x08005b7c                EXTI_Init
 .text.EXTI_GenerateSWInterrupt
                0x08005bfc       0x10 ./Libraries/STM32F10x_StdPeriph_Driver/src/stm32f10x_exti.o
                0x08005bfc                EXTI_GenerateSWInterrupt
 .text.EXTI_ClearITPendingBit
                0x08005c0c        0xc ./Libraries/STM32F10x_StdPeriph_Driver/src/stm32f10x_exti.o
                0x08005c0c                EXTI_ClearITPendingBit
 .text.GPIO_Init
                0x08005c18       0xc4 ./Libraries/STM32F10x_StdPeriph_Driver/src/stm32f10x_gpio.o
                0x08005c18                GPIO_Init
 .text.GPIO_ReadInputDataBit
                0x08005cdc        0xc ./Libraries/STM32F10x_StdPeriph_Driver/src/stm32f10x_gpio.o
                0x08005cdc                GPIO_ReadInputDataBit
 .text.GPIO_SetBits
                0x08005ce8        0x4 ./Libraries/STM32F10x_StdPeriph_Driver/src/stm32f10x_gpio.o
                0x08005ce8                GPIO_SetBits
 .text.GPIO_ResetBits
                0x08005cec        0x4 ./Libraries/STM32F10x_StdPeriph_Driver/src/stm32f10x_gpio.o
                0x08005cec                GPIO_ResetBits
 .text.GPIO_WriteBit
                0x08005cf0        0xc ./Libraries/STM32F10x_StdPeriph_Driver/src/stm32f10x_gpio.o
                0x08005cf0                GPIO_WriteBit
 .text.GPIO_ToggleBits
                0x08005cfc        0x8 ./Libraries/STM32F10x_StdPeriph_Driver/src/stm32f10x_gpio.o
                0x08005cfc                GPIO_ToggleBits
 .text.GPIO_PinRemapConfig
                0x08005d04       0x6c ./Libraries/STM32F10x_StdPeriph_Driver/src/stm32f10x_gpio.o
                0x08005d04                GPIO_PinRemapConfig
 .text.GPIO_EXTILineConfig
                0x08005d70       0x2c ./Libraries/STM32F10x_StdPeriph_Driver/src/stm32f10x_gpio.o
                0x08005d70                GPIO_EXTILineConfig
 .text.RCC_USBCLKConfig
                0x08005d9c        0xc ./Libraries/STM32F10x_StdPeriph_Driver/src/stm32f10x_rcc.o
                0x08005d9c                RCC_USBCLKConfig
 .text.RCC_ADCCLKConfig
                0x08005da8       0x14 ./Libraries/STM32F10x_StdPeriph_Driver/src/stm32f10x_rcc.o
                0x08005da8                RCC_ADCCLKConfig
 .text.RCC_GetClocksFreq
                0x08005dbc       0x94 ./Libraries/STM32F10x_StdPeriph_Driver/src/stm32f10x_rcc.o
                0x08005dbc                RCC_GetClocksFreq
 .text.RCC_AHBPeriphClockCmd
                0x08005e50       0x18 ./Libraries/STM32F10x_StdPeriph_Driver/src/stm32f10x_rcc.o
                0x08005e50                RCC_AHBPeriphClockCmd
 .text.RCC_APB2PeriphClockCmd
                0x08005e68       0x18 ./Libraries/STM32F10x_StdPeriph_Driver/src/stm32f10x_rcc.o
                0x08005e68                RCC_APB2PeriphClockCmd
 .text.RCC_APB1PeriphClockCmd
                0x08005e80       0x18 ./Libraries/STM32F10x_StdPeriph_Driver/src/stm32f10x_rcc.o
                0x08005e80                RCC_APB1PeriphClockCmd
 .text.RCC_APB2PeriphResetCmd
                0x08005e98       0x18 ./Libraries/STM32F10x_StdPeriph_Driver/src/stm32f10x_rcc.o
                0x08005e98                RCC_APB2PeriphResetCmd
 .text.TIM_TimeBaseInit
                0x08005eb0       0xb4 ./Libraries/STM32F10x_StdPeriph_Driver/src/stm32f10x_tim.o
                0x08005eb0                TIM_TimeBaseInit
 .text.TIM_OC1Init
                0x08005f64       0x90 ./Libraries/STM32F10x_StdPeriph_Driver/src/stm32f10x_tim.o
                0x08005f64                TIM_OC1Init
 .text.TIM_OC2Init
                0x08005ff4       0x90 ./Libraries/STM32F10x_StdPeriph_Driver/src/stm32f10x_tim.o
                0x08005ff4                TIM_OC2Init
 .text.TIM_OC3Init
                0x08006084       0x8c ./Libraries/STM32F10x_StdPeriph_Driver/src/stm32f10x_tim.o
                0x08006084                TIM_OC3Init
 .text.TIM_BDTRConfig
                0x08006110       0x28 ./Libraries/STM32F10x_StdPeriph_Driver/src/stm32f10x_tim.o
                0x08006110                TIM_BDTRConfig
 .text.TIM_Cmd  0x08006138       0x1c ./Libraries/STM32F10x_StdPeriph_Driver/src/stm32f10x_tim.o
                0x08006138                TIM_Cmd
 .text.TIM_CtrlPWMOutputs
                0x08006154       0x20 ./Libraries/STM32F10x_StdPeriph_Driver/src/stm32f10x_tim.o
                0x08006154                TIM_CtrlPWMOutputs
 .text.TIM_OC1PreloadConfig
                0x08006174       0x10 ./Libraries/STM32F10x_StdPeriph_Driver/src/stm32f10x_tim.o
                0x08006174                TIM_OC1PreloadConfig
 .text.TIM_OC2PreloadConfig
                0x08006184       0x14 ./Libraries/STM32F10x_StdPeriph_Driver/src/stm32f10x_tim.o
                0x08006184                TIM_OC2PreloadConfig
 .text.TIM_OC3PreloadConfig
                0x08006198       0x10 ./Libraries/STM32F10x_StdPeriph_Driver/src/stm32f10x_tim.o
                0x08006198                TIM_OC3PreloadConfig
 .text.USART_Init
                0x080061a8       0xbc ./Libraries/STM32F10x_StdPeriph_Driver/src/stm32f10x_usart.o
                0x080061a8                USART_Init
 .text.USART_ClockInit
                0x08006264       0x24 ./Libraries/STM32F10x_StdPeriph_Driver/src/stm32f10x_usart.o
                0x08006264                USART_ClockInit
 .text.USART_ClockStructInit
                0x08006288        0xc ./Libraries/STM32F10x_StdPeriph_Driver/src/stm32f10x_usart.o
                0x08006288                USART_ClockStructInit
 .text.USART_Cmd
                0x08006294       0x1c ./Libraries/STM32F10x_StdPeriph_Driver/src/stm32f10x_usart.o
                0x08006294                USART_Cmd
 .text.USART_ITConfig
                0x080062b0       0x3c ./Libraries/STM32F10x_StdPeriph_Driver/src/stm32f10x_usart.o
                0x080062b0                USART_ITConfig
 .text.cosf     0x080062ec       0x6c c:/program files (x86)/gnu tools arm embedded/4.8 2013q4/bin/../lib/gcc/arm-none-eabi/4.8.3/../../../../arm-none-eabi/lib/armv7-m\libm.a(lib_a-sf_cos.o)
                0x080062ec                cosf
 .text.sinf     0x08006358       0x7c c:/program files (x86)/gnu tools arm embedded/4.8 2013q4/bin/../lib/gcc/arm-none-eabi/4.8.3/../../../../arm-none-eabi/lib/armv7-m\libm.a(lib_a-sf_sin.o)
                0x08006358                sinf
 .text.atan2f   0x080063d4        0x4 c:/program files (x86)/gnu tools arm embedded/4.8 2013q4/bin/../lib/gcc/arm-none-eabi/4.8.3/../../../../arm-none-eabi/lib/armv7-m\libm.a(lib_a-wf_atan2.o)
                0x080063d4                atan2f
 .text.sqrtf    0x080063d8       0x9c c:/program files (x86)/gnu tools arm embedded/4.8 2013q4/bin/../lib/gcc/arm-none-eabi/4.8.3/../../../../arm-none-eabi/lib/armv7-m\libm.a(lib_a-wf_sqrt.o)
                0x080063d8                sqrtf
 .text.__ieee754_atan2f
                0x08006474      0x120 c:/program files (x86)/gnu tools arm embedded/4.8 2013q4/bin/../lib/gcc/arm-none-eabi/4.8.3/../../../../arm-none-eabi/lib/armv7-m\libm.a(lib_a-ef_atan2.o)
                0x08006474                __ieee754_atan2f
 .text.__ieee754_rem_pio2f
                0x08006594      0x2e8 c:/program files (x86)/gnu tools arm embedded/4.8 2013q4/bin/../lib/gcc/arm-none-eabi/4.8.3/../../../../arm-none-eabi/lib/armv7-m\libm.a(lib_a-ef_rem_pio2.o)
                0x08006594                __ieee754_rem_pio2f
 .text.__ieee754_sqrtf
                0x0800687c       0xa8 c:/program files (x86)/gnu tools arm embedded/4.8 2013q4/bin/../lib/gcc/arm-none-eabi/4.8.3/../../../../arm-none-eabi/lib/armv7-m\libm.a(lib_a-ef_sqrt.o)
                0x0800687c                __ieee754_sqrtf
 .text.__kernel_cosf
                0x08006924      0x188 c:/program files (x86)/gnu tools arm embedded/4.8 2013q4/bin/../lib/gcc/arm-none-eabi/4.8.3/../../../../arm-none-eabi/lib/armv7-m\libm.a(lib_a-kf_cos.o)
                0x08006924                __kernel_cosf
 .text.__kernel_rem_pio2f
                0x08006aac      0x670 c:/program files (x86)/gnu tools arm embedded/4.8 2013q4/bin/../lib/gcc/arm-none-eabi/4.8.3/../../../../arm-none-eabi/lib/armv7-m\libm.a(lib_a-kf_rem_pio2.o)
                0x08006aac                __kernel_rem_pio2f
 .text.__kernel_sinf
                0x0800711c       0xec c:/program files (x86)/gnu tools arm embedded/4.8 2013q4/bin/../lib/gcc/arm-none-eabi/4.8.3/../../../../arm-none-eabi/lib/armv7-m\libm.a(lib_a-kf_sin.o)
                0x0800711c                __kernel_sinf
 .text.matherr  0x08007208        0x4 c:/program files (x86)/gnu tools arm embedded/4.8 2013q4/bin/../lib/gcc/arm-none-eabi/4.8.3/../../../../arm-none-eabi/lib/armv7-m\libm.a(lib_a-s_matherr.o)
                0x08007208                matherr
 .text.atanf    0x0800720c      0x22c c:/program files (x86)/gnu tools arm embedded/4.8 2013q4/bin/../lib/gcc/arm-none-eabi/4.8.3/../../../../arm-none-eabi/lib/armv7-m\libm.a(lib_a-sf_atan.o)
                0x0800720c                atanf
 .text.fabsf    0x08007438        0x8 c:/program files (x86)/gnu tools arm embedded/4.8 2013q4/bin/../lib/gcc/arm-none-eabi/4.8.3/../../../../arm-none-eabi/lib/armv7-m\libm.a(lib_a-sf_fabs.o)
                0x08007438                fabsf
 .text.floorf   0x08007440       0x8c c:/program files (x86)/gnu tools arm embedded/4.8 2013q4/bin/../lib/gcc/arm-none-eabi/4.8.3/../../../../arm-none-eabi/lib/armv7-m\libm.a(lib_a-sf_floor.o)
                0x08007440                floorf
 .text.__fpclassifyf
                0x080074cc       0x34 c:/program files (x86)/gnu tools arm embedded/4.8 2013q4/bin/../lib/gcc/arm-none-eabi/4.8.3/../../../../arm-none-eabi/lib/armv7-m\libm.a(lib_a-sf_fpclassify.o)
                0x080074cc                __fpclassifyf
 .text.scalbnf  0x08007500       0xb4 c:/program files (x86)/gnu tools arm embedded/4.8 2013q4/bin/../lib/gcc/arm-none-eabi/4.8.3/../../../../arm-none-eabi/lib/armv7-m\libm.a(lib_a-sf_scalbn.o)
                0x08007500                scalbnf
 .text.copysignf
                0x080075b4        0xc c:/program files (x86)/gnu tools arm embedded/4.8 2013q4/bin/../lib/gcc/arm-none-eabi/4.8.3/../../../../arm-none-eabi/lib/armv7-m\libm.a(lib_a-sf_copysign.o)
                0x080075b4                copysignf
 .text.__errno  0x080075c0        0xc c:/program files (x86)/gnu tools arm embedded/4.8 2013q4/bin/../lib/gcc/arm-none-eabi/4.8.3/../../../../arm-none-eabi/lib/armv7-m\libc.a(lib_a-errno.o)
                0x080075c0                __errno
 .text.__libc_init_array
                0x080075cc       0x50 c:/program files (x86)/gnu tools arm embedded/4.8 2013q4/bin/../lib/gcc/arm-none-eabi/4.8.3/../../../../arm-none-eabi/lib/armv7-m\libc.a(lib_a-init.o)
                0x080075cc                __libc_init_array
 .text.strlen   0x0800761c       0x60 c:/program files (x86)/gnu tools arm embedded/4.8 2013q4/bin/../lib/gcc/arm-none-eabi/4.8.3/../../../../arm-none-eabi/lib/armv7-m\libc.a(lib_a-strlen.o)
                0x0800761c                strlen
 .text._vsnprintf_r
                0x0800767c       0x54 c:/program files (x86)/gnu tools arm embedded/4.8 2013q4/bin/../lib/gcc/arm-none-eabi/4.8.3/../../../../arm-none-eabi/lib/armv7-m\libc.a(lib_a-vsnprintf.o)
                0x0800767c                _vsnprintf_r
 .text.vsnprintf
                0x080076d0       0x24 c:/program files (x86)/gnu tools arm embedded/4.8 2013q4/bin/../lib/gcc/arm-none-eabi/4.8.3/../../../../arm-none-eabi/lib/armv7-m\libc.a(lib_a-vsnprintf.o)
                0x080076d0                vsnprintf
 .text._malloc_trim_r
                0x080076f4       0x9c c:/program files (x86)/gnu tools arm embedded/4.8 2013q4/bin/../lib/gcc/arm-none-eabi/4.8.3/../../../../arm-none-eabi/lib/armv7-m\libc.a(lib_a-freer.o)
                0x080076f4                _malloc_trim_r
 .text._free_r  0x08007790      0x198 c:/program files (x86)/gnu tools arm embedded/4.8 2013q4/bin/../lib/gcc/arm-none-eabi/4.8.3/../../../../arm-none-eabi/lib/armv7-m\libc.a(lib_a-freer.o)
                0x08007790                _free_r
 .text._malloc_r
                0x08007928      0x538 c:/program files (x86)/gnu tools arm embedded/4.8 2013q4/bin/../lib/gcc/arm-none-eabi/4.8.3/../../../../arm-none-eabi/lib/armv7-m\libc.a(lib_a-mallocr.o)
                0x08007928                _malloc_r
 .text.__malloc_lock
                0x08007e60        0x4 c:/program files (x86)/gnu tools arm embedded/4.8 2013q4/bin/../lib/gcc/arm-none-eabi/4.8.3/../../../../arm-none-eabi/lib/armv7-m\libc.a(lib_a-mlock.o)
                0x08007e60                __malloc_lock
 .text.__malloc_unlock
                0x08007e64        0x4 c:/program files (x86)/gnu tools arm embedded/4.8 2013q4/bin/../lib/gcc/arm-none-eabi/4.8.3/../../../../arm-none-eabi/lib/armv7-m\libc.a(lib_a-mlock.o)
                0x08007e64                __malloc_unlock
 .text._sbrk_r  0x08007e68       0x24 c:/program files (x86)/gnu tools arm embedded/4.8 2013q4/bin/../lib/gcc/arm-none-eabi/4.8.3/../../../../arm-none-eabi/lib/armv7-m\libc.a(lib_a-sbrkr.o)
                0x08007e68                _sbrk_r
 .text._svfprintf_r
                0x08007e8c     0x14e0 c:/program files (x86)/gnu tools arm embedded/4.8 2013q4/bin/../lib/gcc/arm-none-eabi/4.8.3/../../../../arm-none-eabi/lib/armv7-m\libc.a(lib_a-svfprintf.o)
                0x08007e8c                _svfprintf_r
 .text.quorem   0x0800936c      0x134 c:/program files (x86)/gnu tools arm embedded/4.8 2013q4/bin/../lib/gcc/arm-none-eabi/4.8.3/../../../../arm-none-eabi/lib/armv7-m\libc.a(lib_a-dtoa.o)
 .text._dtoa_r  0x080094a0      0xe38 c:/program files (x86)/gnu tools arm embedded/4.8 2013q4/bin/../lib/gcc/arm-none-eabi/4.8.3/../../../../arm-none-eabi/lib/armv7-m\libc.a(lib_a-dtoa.o)
                0x080094a0                _dtoa_r
 .text._localeconv_r
                0x0800a2d8        0x8 c:/program files (x86)/gnu tools arm embedded/4.8 2013q4/bin/../lib/gcc/arm-none-eabi/4.8.3/../../../../arm-none-eabi/lib/armv7-m\libc.a(lib_a-locale.o)
                0x0800a2d8                _localeconv_r
 .text.memchr   0x0800a2e0       0x94 c:/program files (x86)/gnu tools arm embedded/4.8 2013q4/bin/../lib/gcc/arm-none-eabi/4.8.3/../../../../arm-none-eabi/lib/armv7-m\libc.a(lib_a-memchr-stub.o)
                0x0800a2e0                memchr
 .text._Balloc  0x0800a374       0x4c c:/program files (x86)/gnu tools arm embedded/4.8 2013q4/bin/../lib/gcc/arm-none-eabi/4.8.3/../../../../arm-none-eabi/lib/armv7-m\libc.a(lib_a-mprec.o)
                0x0800a374                _Balloc
 .text._Bfree   0x0800a3c0       0x14 c:/program files (x86)/gnu tools arm embedded/4.8 2013q4/bin/../lib/gcc/arm-none-eabi/4.8.3/../../../../arm-none-eabi/lib/armv7-m\libc.a(lib_a-mprec.o)
                0x0800a3c0                _Bfree
 .text.__multadd
                0x0800a3d4       0x94 c:/program files (x86)/gnu tools arm embedded/4.8 2013q4/bin/../lib/gcc/arm-none-eabi/4.8.3/../../../../arm-none-eabi/lib/armv7-m\libc.a(lib_a-mprec.o)
                0x0800a3d4                __multadd
 .text.__hi0bits
                0x0800a468       0x40 c:/program files (x86)/gnu tools arm embedded/4.8 2013q4/bin/../lib/gcc/arm-none-eabi/4.8.3/../../../../arm-none-eabi/lib/armv7-m\libc.a(lib_a-mprec.o)
                0x0800a468                __hi0bits
 .text.__lo0bits
                0x0800a4a8       0x5c c:/program files (x86)/gnu tools arm embedded/4.8 2013q4/bin/../lib/gcc/arm-none-eabi/4.8.3/../../../../arm-none-eabi/lib/armv7-m\libc.a(lib_a-mprec.o)
                0x0800a4a8                __lo0bits
 .text.__i2b    0x0800a504       0x14 c:/program files (x86)/gnu tools arm embedded/4.8 2013q4/bin/../lib/gcc/arm-none-eabi/4.8.3/../../../../arm-none-eabi/lib/armv7-m\libc.a(lib_a-mprec.o)
                0x0800a504                __i2b
 .text.__multiply
                0x0800a518      0x13c c:/program files (x86)/gnu tools arm embedded/4.8 2013q4/bin/../lib/gcc/arm-none-eabi/4.8.3/../../../../arm-none-eabi/lib/armv7-m\libc.a(lib_a-mprec.o)
                0x0800a518                __multiply
 .text.__pow5mult
                0x0800a654       0x9c c:/program files (x86)/gnu tools arm embedded/4.8 2013q4/bin/../lib/gcc/arm-none-eabi/4.8.3/../../../../arm-none-eabi/lib/armv7-m\libc.a(lib_a-mprec.o)
                0x0800a654                __pow5mult
 .text.__lshift
                0x0800a6f0       0xbc c:/program files (x86)/gnu tools arm embedded/4.8 2013q4/bin/../lib/gcc/arm-none-eabi/4.8.3/../../../../arm-none-eabi/lib/armv7-m\libc.a(lib_a-mprec.o)
                0x0800a6f0                __lshift
 .text.__mcmp   0x0800a7ac       0x48 c:/program files (x86)/gnu tools arm embedded/4.8 2013q4/bin/../lib/gcc/arm-none-eabi/4.8.3/../../../../arm-none-eabi/lib/armv7-m\libc.a(lib_a-mprec.o)
                0x0800a7ac                __mcmp
 .text.__mdiff  0x0800a7f4       0xd8 c:/program files (x86)/gnu tools arm embedded/4.8 2013q4/bin/../lib/gcc/arm-none-eabi/4.8.3/../../../../arm-none-eabi/lib/armv7-m\libc.a(lib_a-mprec.o)
                0x0800a7f4                __mdiff
 .text.__d2b    0x0800a8cc       0xbc c:/program files (x86)/gnu tools arm embedded/4.8 2013q4/bin/../lib/gcc/arm-none-eabi/4.8.3/../../../../arm-none-eabi/lib/armv7-m\libc.a(lib_a-mprec.o)
                0x0800a8cc                __d2b
 .text.__fpclassifyd
                0x0800a988       0x50 c:/program files (x86)/gnu tools arm embedded/4.8 2013q4/bin/../lib/gcc/arm-none-eabi/4.8.3/../../../../arm-none-eabi/lib/armv7-m\libc.a(lib_a-s_fpclassify.o)
                0x0800a988                __fpclassifyd
 .text.__ssprint_r
                0x0800a9d8      0x100 c:/program files (x86)/gnu tools arm embedded/4.8 2013q4/bin/../lib/gcc/arm-none-eabi/4.8.3/../../../../arm-none-eabi/lib/armv7-m\libc.a(lib_a-svfiprintf.o)
                0x0800a9d8                __ssprint_r
 .text._calloc_r
                0x0800aad8       0x60 c:/program files (x86)/gnu tools arm embedded/4.8 2013q4/bin/../lib/gcc/arm-none-eabi/4.8.3/../../../../arm-none-eabi/lib/armv7-m\libc.a(lib_a-callocr.o)
                0x0800aad8                _calloc_r
 .text.memmove  0x0800ab38       0xcc c:/program files (x86)/gnu tools arm embedded/4.8 2013q4/bin/../lib/gcc/arm-none-eabi/4.8.3/../../../../arm-none-eabi/lib/armv7-m\libc.a(lib_a-memmove.o)
                0x0800ab38                memmove
 .text.memset   0x0800ac04       0x94 c:/program files (x86)/gnu tools arm embedded/4.8 2013q4/bin/../lib/gcc/arm-none-eabi/4.8.3/../../../../arm-none-eabi/lib/armv7-m\libc.a(lib_a-memset.o)
                0x0800ac04                memset
 .text._realloc_r
                0x0800ac98      0x3c0 c:/program files (x86)/gnu tools arm embedded/4.8 2013q4/bin/../lib/gcc/arm-none-eabi/4.8.3/../../../../arm-none-eabi/lib/armv7-m\libc.a(lib_a-reallocr.o)
                0x0800ac98                _realloc_r
 *(.rodata)
 *(.rodata*)
 .rodata.Virtual_Com_Port_StringVendor
                0x0800b058       0x28 ./src/VCP/src/usb_desc.o
                0x0800b058                Virtual_Com_Port_StringVendor
 .rodata.Virtual_Com_Port_DeviceDescriptor
                0x0800b080       0x14 ./src/VCP/src/usb_desc.o
                0x0800b080                Virtual_Com_Port_DeviceDescriptor
 .rodata.Virtual_Com_Port_StringLangID
                0x0800b094        0x4 ./src/VCP/src/usb_desc.o
                0x0800b094                Virtual_Com_Port_StringLangID
 .rodata.Virtual_Com_Port_StringProduct
                0x0800b098       0x34 ./src/VCP/src/usb_desc.o
                0x0800b098                Virtual_Com_Port_StringProduct
 .rodata.Virtual_Com_Port_ConfigDescriptor
                0x0800b0cc       0x44 ./src/VCP/src/usb_desc.o
                0x0800b0cc                Virtual_Com_Port_ConfigDescriptor
 .rodata.str1.4
                0x0800b110       0x21 ./src/comio.o
                                 0x24 (size before relaxing)
 *fill*         0x0800b131        0x3 
 .rodata.str1.4
                0x0800b134      0x142 ./src/commhandler.o
                                0x144 (size before relaxing)
 *fill*         0x0800b276        0x2 
 .rodata.str1.4
                0x0800b278       0x17 ./src/config.o
                                 0x1c (size before relaxing)
 *fill*         0x0800b28f        0x1 
 .rodata.str1.4
                0x0800b290      0x28c ./src/engine.o
 .rodata.str1.4
                0x0800b51c      0x35b ./src/main.o
                                0x364 (size before relaxing)
 *fill*         0x0800b877        0x1 
 .rodata.str1.4
                0x0800b878       0x22 ./src/newlib_stubs.o
                                 0x24 (size before relaxing)
 *fill*         0x0800b89a        0x2 
 .rodata.str1.4
                0x0800b89c        0x6 c:/program files (x86)/gnu tools arm embedded/4.8 2013q4/bin/../lib/gcc/arm-none-eabi/4.8.3/../../../../arm-none-eabi/lib/armv7-m\libm.a(lib_a-wf_sqrt.o)
                                  0x8 (size before relaxing)
 *fill*         0x0800b8a2        0x2 
 .rodata.npio2_hw
                0x0800b8a4       0x80 c:/program files (x86)/gnu tools arm embedded/4.8 2013q4/bin/../lib/gcc/arm-none-eabi/4.8.3/../../../../arm-none-eabi/lib/armv7-m\libm.a(lib_a-ef_rem_pio2.o)
 .rodata.two_over_pi
                0x0800b924      0x318 c:/program files (x86)/gnu tools arm embedded/4.8 2013q4/bin/../lib/gcc/arm-none-eabi/4.8.3/../../../../arm-none-eabi/lib/armv7-m\libm.a(lib_a-ef_rem_pio2.o)
 .rodata.init_jk
                0x0800bc3c        0xc c:/program files (x86)/gnu tools arm embedded/4.8 2013q4/bin/../lib/gcc/arm-none-eabi/4.8.3/../../../../arm-none-eabi/lib/armv7-m\libm.a(lib_a-kf_rem_pio2.o)
 .rodata.PIo2   0x0800bc48       0x2c c:/program files (x86)/gnu tools arm embedded/4.8 2013q4/bin/../lib/gcc/arm-none-eabi/4.8.3/../../../../arm-none-eabi/lib/armv7-m\libm.a(lib_a-kf_rem_pio2.o)
 .rodata.atanlo
                0x0800bc74       0x10 c:/program files (x86)/gnu tools arm embedded/4.8 2013q4/bin/../lib/gcc/arm-none-eabi/4.8.3/../../../../arm-none-eabi/lib/armv7-m\libm.a(lib_a-sf_atan.o)
 .rodata.atanhi
                0x0800bc84       0x10 c:/program files (x86)/gnu tools arm embedded/4.8 2013q4/bin/../lib/gcc/arm-none-eabi/4.8.3/../../../../arm-none-eabi/lib/armv7-m\libm.a(lib_a-sf_atan.o)
 .rodata.str1.4
                0x0800bc94        0x2 c:/program files (x86)/gnu tools arm embedded/4.8 2013q4/bin/../lib/gcc/arm-none-eabi/4.8.3/../../../../arm-none-eabi/lib/armv7-m\libc.a(lib_a-impure.o)
                                  0x4 (size before relaxing)
 *fill*         0x0800bc96        0x2 
 .rodata.blanks.6743
                0x0800bc98       0x10 c:/program files (x86)/gnu tools arm embedded/4.8 2013q4/bin/../lib/gcc/arm-none-eabi/4.8.3/../../../../arm-none-eabi/lib/armv7-m\libc.a(lib_a-svfprintf.o)
 .rodata.str1.4
                0x0800bca8       0x42 c:/program files (x86)/gnu tools arm embedded/4.8 2013q4/bin/../lib/gcc/arm-none-eabi/4.8.3/../../../../arm-none-eabi/lib/armv7-m\libc.a(lib_a-svfprintf.o)
                                 0x44 (size before relaxing)
 *fill*         0x0800bcea        0x2 
 .rodata.zeroes.6744
                0x0800bcec       0x10 c:/program files (x86)/gnu tools arm embedded/4.8 2013q4/bin/../lib/gcc/arm-none-eabi/4.8.3/../../../../arm-none-eabi/lib/armv7-m\libc.a(lib_a-svfprintf.o)
 .rodata.str1.4
                0x0800bcfc       0x10 c:/program files (x86)/gnu tools arm embedded/4.8 2013q4/bin/../lib/gcc/arm-none-eabi/4.8.3/../../../../arm-none-eabi/lib/armv7-m\libc.a(lib_a-dtoa.o)
                                 0x14 (size before relaxing)
 .rodata.str1.4
                0x0800bd0c        0xc c:/program files (x86)/gnu tools arm embedded/4.8 2013q4/bin/../lib/gcc/arm-none-eabi/4.8.3/../../../../arm-none-eabi/lib/armv7-m\libc.a(lib_a-locale.o)
                                 0x14 (size before relaxing)
 .rodata.p05.5288
                0x0800bd18        0xc c:/program files (x86)/gnu tools arm embedded/4.8 2013q4/bin/../lib/gcc/arm-none-eabi/4.8.3/../../../../arm-none-eabi/lib/armv7-m\libc.a(lib_a-mprec.o)
 *fill*         0x0800bd24        0x4 
 .rodata.__mprec_tens
                0x0800bd28       0xc8 c:/program files (x86)/gnu tools arm embedded/4.8 2013q4/bin/../lib/gcc/arm-none-eabi/4.8.3/../../../../arm-none-eabi/lib/armv7-m\libc.a(lib_a-mprec.o)
                0x0800bd28                __mprec_tens
 .rodata.__mprec_bigtens
                0x0800bdf0       0x28 c:/program files (x86)/gnu tools arm embedded/4.8 2013q4/bin/../lib/gcc/arm-none-eabi/4.8.3/../../../../arm-none-eabi/lib/armv7-m\libc.a(lib_a-mprec.o)
                0x0800bdf0                __mprec_bigtens
 *(.glue_7)
 .glue_7        0x00000000        0x0 linker stubs
 *(.glue_7t)
 .glue_7t       0x00000000        0x0 linker stubs
 *(.eh_frame)
 *(.init)
 *(.fini)
                0x0800be18                . = ALIGN (0x4)
                0x0800be18                _etext = .

.vfp11_veneer   0x0800be18        0x0
 .vfp11_veneer  0x00000000        0x0 linker stubs

.v4_bx          0x0800be18        0x0
 .v4_bx         0x00000000        0x0 linker stubs

.iplt           0x0800be18        0x0
 .iplt          0x00000000        0x0 ./src/sys/itoa.o

.ARM.extab
 *(.ARM.extab* .gnu.linkonce.armextab.*)

.ARM            0x0800be18        0x8
                0x0800be18                __exidx_start = .
 *(.ARM.exidx*)
 .ARM.exidx     0x0800be18        0x8 c:/program files (x86)/gnu tools arm embedded/4.8 2013q4/bin/../lib/gcc/arm-none-eabi/4.8.3/armv7-m\libgcc.a(_divdi3.o)
 .ARM.exidx     0x0800be20        0x0 c:/program files (x86)/gnu tools arm embedded/4.8 2013q4/bin/../lib/gcc/arm-none-eabi/4.8.3/armv7-m\libgcc.a(_udivdi3.o)
                                  0x8 (size before relaxing)
                0x0800be20                __exidx_end = .

.rel.dyn        0x0800be20        0x0
 .rel.iplt      0x00000000        0x0 ./src/sys/itoa.o

.preinit_array  0x0800be20        0x0
                0x0800be20                PROVIDE (__preinit_array_start, .)
 *(.preinit_array*)
                0x0800be20                PROVIDE (__preinit_array_end, .)

.init_array     0x0800be20        0x0
                0x0800be20                PROVIDE (__init_array_start, .)
 *(SORT(.init_array.*))
 *(.init_array*)
                0x0800be20                PROVIDE (__init_array_end, .)

.fini_array     0x0800be20        0x0
                0x0800be20                PROVIDE (__fini_array_start, .)
 *(.fini_array*)
 *(SORT(.fini_array.*))
                0x0800be20                PROVIDE (__fini_array_end, .)
                0x0800be20                _sidata = .

.data           0x20000000      0x9ac load address 0x0800be20
                0x20000000                . = ALIGN (0x4)
                0x20000000                _sdata = .
 *(.data)
 *(.data*)
 .data.Virtual_Com_Port_StringSerial
                0x20000000       0x1c ./src/VCP/src/usb_desc.o
                0x20000000                Virtual_Com_Port_StringSerial
 .data.pEpInt_IN
                0x2000001c       0x1c ./src/VCP/src/usb_istr.o
                0x2000001c                pEpInt_IN
 .data.pEpInt_OUT
                0x20000038       0x1c ./src/VCP/src/usb_istr.o
                0x20000038                pEpInt_OUT
 .data.Config_Descriptor
                0x20000054        0x8 ./src/VCP/src/usb_prop.o
                0x20000054                Config_Descriptor
 .data.Device_Property
                0x2000005c       0x30 ./src/VCP/src/usb_prop.o
                0x2000005c                Device_Property
 .data.User_Standard_Requests
                0x2000008c       0x24 ./src/VCP/src/usb_prop.o
                0x2000008c                User_Standard_Requests
 .data.Device_Descriptor
                0x200000b0        0x8 ./src/VCP/src/usb_prop.o
                0x200000b0                Device_Descriptor
 .data.String_Descriptor
                0x200000b8       0x20 ./src/VCP/src/usb_prop.o
                0x200000b8                String_Descriptor
 .data.linecoding
                0x200000d8        0x8 ./src/VCP/src/usb_prop.o
                0x200000d8                linecoding
 .data.Device_Table
                0x200000e0        0x4 ./src/VCP/src/usb_prop.o
                0x200000e0                Device_Table
 .data.lastChar
                0x200000e4        0x4 ./src/comio.o
 .data.configData
                0x200000e8        0xc ./src/config.o
                0x200000e8                configData
 .data.testPhase
                0x200000f4        0x4 ./src/pwm.o
                0x200000f4                testPhase
 .data.timer_4_5_deadtime_delay
                0x200000f8        0x4 ./src/pwm.o
                0x200000f8                timer_4_5_deadtime_delay
 .data.g_YawOff
                0x200000fc        0x4 ./src/pwm.o
 .data.timer_1_8_deadtime_register
                0x20000100        0x4 ./src/pwm.o
                0x20000100                timer_1_8_deadtime_register
 .data.AHBPrescTable
                0x20000104       0x10 ./src/system_stm32f10x.o
                0x20000104                AHBPrescTable
 .data.SystemCoreClock
                0x20000114        0x4 ./src/system_stm32f10x.o
                0x20000114                SystemCoreClock
 .data.sysTickPerUs
                0x20000118        0x4 ./src/systick.o
 .data.ADCPrescTable
                0x2000011c        0x4 ./Libraries/STM32F10x_StdPeriph_Driver/src/stm32f10x_rcc.o
 .data.APBAHBPrescTable
                0x20000120       0x10 ./Libraries/STM32F10x_StdPeriph_Driver/src/stm32f10x_rcc.o
 .data.__fdlib_version
                0x20000130        0x1 c:/program files (x86)/gnu tools arm embedded/4.8 2013q4/bin/../lib/gcc/arm-none-eabi/4.8.3/../../../../arm-none-eabi/lib/armv7-m\libm.a(lib_a-s_lib_ver.o)
                0x20000130                __fdlib_version
 *fill*         0x20000131        0x7 
 .data.impure_data
                0x20000138      0x428 c:/program files (x86)/gnu tools arm embedded/4.8 2013q4/bin/../lib/gcc/arm-none-eabi/4.8.3/../../../../arm-none-eabi/lib/armv7-m\libc.a(lib_a-impure.o)
 .data._impure_ptr
                0x20000560        0x4 c:/program files (x86)/gnu tools arm embedded/4.8 2013q4/bin/../lib/gcc/arm-none-eabi/4.8.3/../../../../arm-none-eabi/lib/armv7-m\libc.a(lib_a-impure.o)
                0x20000560                _impure_ptr
 .data.__malloc_av_
                0x20000564      0x408 c:/program files (x86)/gnu tools arm embedded/4.8 2013q4/bin/../lib/gcc/arm-none-eabi/4.8.3/../../../../arm-none-eabi/lib/armv7-m\libc.a(lib_a-mallocr.o)
                0x20000564                __malloc_av_
 .data.__malloc_trim_threshold
                0x2000096c        0x4 c:/program files (x86)/gnu tools arm embedded/4.8 2013q4/bin/../lib/gcc/arm-none-eabi/4.8.3/../../../../arm-none-eabi/lib/armv7-m\libc.a(lib_a-mallocr.o)
                0x2000096c                __malloc_trim_threshold
 .data.__malloc_sbrk_base
                0x20000970        0x4 c:/program files (x86)/gnu tools arm embedded/4.8 2013q4/bin/../lib/gcc/arm-none-eabi/4.8.3/../../../../arm-none-eabi/lib/armv7-m\libc.a(lib_a-mallocr.o)
                0x20000970                __malloc_sbrk_base
 .data.lconv    0x20000974       0x38 c:/program files (x86)/gnu tools arm embedded/4.8 2013q4/bin/../lib/gcc/arm-none-eabi/4.8.3/../../../../arm-none-eabi/lib/armv7-m\libc.a(lib_a-locale.o)
                0x200009ac                . = ALIGN (0x4)
                0x200009ac                _edata = .

.igot.plt       0x200009ac        0x0 load address 0x0800c7cc
 .igot.plt      0x00000000        0x0 ./src/sys/itoa.o
                0x200009ac                . = ALIGN (0x4)

.bss            0x200009ac     0x1098 load address 0x0800c7cc
                0x200009ac                _sbss = .
                0x200009ac                __bss_start__ = _sbss
 *(.bss)
 *(.bss*)
 .bss.VCPconnectMode
                0x200009ac        0x1 ./src/VCP/src/hw_config.o
 .bss.offset.7114
                0x200009ad        0x1 ./src/VCP/src/hw_config.o
 .bss.bIntPackSOF
                0x200009ae        0x1 ./src/VCP/src/usb_istr.o
                0x200009ae                bIntPackSOF
 *fill*         0x200009af        0x1 
 .bss.vcpBootBlockTime
                0x200009b0        0x4 ./src/VCP/src/usb_prop.o
 .bss.Request   0x200009b4        0x1 ./src/VCP/src/usb_prop.o
                0x200009b4                Request
 *fill*         0x200009b5        0x3 
 .bss.bDeviceState
                0x200009b8        0x4 ./src/VCP/src/usb_pwr.o
                0x200009b8                bDeviceState
 .bss.remotewakeupon
                0x200009bc        0x4 ./src/VCP/src/usb_pwr.o
                0x200009bc                remotewakeupon
 .bss.roll_setpoint
                0x200009c0        0x4 ./src/engine.o
                0x200009c0                roll_setpoint
 .bss.pitchRCOffset
                0x200009c4        0x4 ./src/engine.o
 .bss.debugCnt  0x200009c8        0x4 ./src/engine.o
                0x200009c8                debugCnt
 .bss.debugOrient
                0x200009cc        0x4 ./src/engine.o
                0x200009cc                debugOrient
 .bss.yawRCOffset
                0x200009d0        0x4 ./src/engine.o
 .bss.yaw_setpoint
                0x200009d4        0x4 ./src/engine.o
                0x200009d4                yaw_setpoint
 .bss.centerPoint
                0x200009d8        0x4 ./src/engine.o
                0x200009d8                centerPoint
 .bss.Step      0x200009dc        0xc ./src/engine.o
                0x200009dc                Step
 .bss.loopCounter.5037
                0x200009e8        0x4 ./src/engine.o
 .bss.rollRCOffset
                0x200009ec        0x4 ./src/engine.o
 .bss.debugAutoPan
                0x200009f0        0x4 ./src/engine.o
                0x200009f0                debugAutoPan
 .bss.pitch_Error_last
                0x200009f4        0x4 ./src/engine.o
                0x200009f4                pitch_Error_last
 .bss.debugPrint
                0x200009f8        0x4 ./src/engine.o
                0x200009f8                debugPrint
 .bss.AccData   0x200009fc        0xc ./src/engine.o
                0x200009fc                AccData
 .bss.stepSmooth
                0x20000a08        0x4 ./src/engine.o
                0x20000a08                stepSmooth
 .bss.GyroData  0x20000a0c        0xc ./src/engine.o
                0x20000a0c                GyroData
 .bss.roll_Error_last
                0x20000a18        0x4 ./src/engine.o
                0x20000a18                roll_Error_last
 .bss.printcounter
                0x20000a1c        0x4 ./src/engine.o
 .bss.pitch_setpoint
                0x20000a20        0x4 ./src/engine.o
                0x20000a20                pitch_setpoint
 .bss.debugRC   0x20000a24        0x4 ./src/engine.o
                0x20000a24                debugRC
 .bss.step      0x20000a28        0x4 ./src/engine.o
                0x20000a28                step
 .bss.debugSense
                0x20000a2c        0x4 ./src/engine.o
                0x20000a2c                debugSense
 .bss.RCSmooth  0x20000a30        0xc ./src/engine.o
                0x20000a30                RCSmooth
 .bss.yaw_Error_last
                0x20000a3c        0x4 ./src/engine.o
                0x20000a3c                yaw_Error_last
 .bss.debugPerf
                0x20000a40        0x4 ./src/engine.o
                0x20000a40                debugPerf
 .bss.gyroADC_PITCH
                0x20000a44        0x2 ./src/gyro.o
 *fill*         0x20000a46        0x2 
 .bss.gyroADC_YAW_offset
                0x20000a48        0x4 ./src/gyro.o
 .bss.gyroADC_ROLL
                0x20000a4c        0x2 ./src/gyro.o
 .bss.gyroADC_YAW
                0x20000a4e        0x2 ./src/gyro.o
 .bss.gyroADC_ROLL_offset
                0x20000a50        0x4 ./src/gyro.o
 .bss.gyroADC_PITCH_offset
                0x20000a54        0x4 ./src/gyro.o
 .bss.idlePerf  0x20000a58        0x4 ./src/main.o
 .bss.WatchDogCounter
                0x20000a5c        0x4 ./src/main.o
 .bss.gotIMU    0x20000a60        0x4 ./src/main.o
 .bss.heap_end.7120
                0x20000a64        0x4 ./src/newlib_stubs.o
 .bss.g_Roll    0x20000a68        0xc ./src/pwm.o
 .bss.g_Pitch   0x20000a74        0xc ./src/pwm.o
 .bss.g_Yaw     0x20000a80        0xc ./src/pwm.o
 .bss.rc4b.6680
                0x20000a8c        0x2 ./src/rc.o
 *fill*         0x20000a8e        0x2 
 .bss.rc2       0x20000a90        0x4 ./src/rc.o
 .bss.rc3       0x20000a94        0x4 ./src/rc.o
 .bss.rc4       0x20000a98        0x4 ./src/rc.o
 .bss.rc2b.6670
                0x20000a9c        0x2 ./src/rc.o
 .bss.rc4a.6679
                0x20000a9e        0x2 ./src/rc.o
 .bss.rc3b.6660
                0x20000aa0        0x2 ./src/rc.o
 .bss.rc2a.6669
                0x20000aa2        0x2 ./src/rc.o
 .bss.rc3a.6659
                0x20000aa4        0x2 ./src/rc.o
 *fill*         0x20000aa6        0x2 
 .bss.sysTickMillis
                0x20000aa8        0x4 ./src/systick.o
 .bss.systickUserCallback
                0x20000aac        0x4 ./src/systick.o
 .bss.RingBufferUART4TX
                0x20000ab0      0x210 ./src/usart.o
 .bss.RingBufferUART4RX
                0x20000cc0      0x210 ./src/usart.o
 .bss.lastCallbackTime
                0x20000ed0        0x4 ./src/usb.o
 .bss.USBCallBackCalled
                0x20000ed4        0x4 ./src/usb.o
 .bss.Data_Mul_MaxPacketSize
                0x20000ed8        0x1 ./Libraries/STM32_USB-FS-Device_Driver/src/usb_core.o
                0x20000ed8                Data_Mul_MaxPacketSize
 *fill*         0x20000ed9        0x3 
 .bss.__malloc_max_total_mem
                0x20000edc        0x4 c:/program files (x86)/gnu tools arm embedded/4.8 2013q4/bin/../lib/gcc/arm-none-eabi/4.8.3/../../../../arm-none-eabi/lib/armv7-m\libc.a(lib_a-mallocr.o)
                0x20000edc                __malloc_max_total_mem
 .bss.__malloc_max_sbrked_mem
                0x20000ee0        0x4 c:/program files (x86)/gnu tools arm embedded/4.8 2013q4/bin/../lib/gcc/arm-none-eabi/4.8.3/../../../../arm-none-eabi/lib/armv7-m\libc.a(lib_a-mallocr.o)
                0x20000ee0                __malloc_max_sbrked_mem
 .bss.__malloc_top_pad
                0x20000ee4        0x4 c:/program files (x86)/gnu tools arm embedded/4.8 2013q4/bin/../lib/gcc/arm-none-eabi/4.8.3/../../../../arm-none-eabi/lib/armv7-m\libc.a(lib_a-mallocr.o)
                0x20000ee4                __malloc_top_pad
 .bss.__malloc_current_mallinfo
                0x20000ee8       0x28 c:/program files (x86)/gnu tools arm embedded/4.8 2013q4/bin/../lib/gcc/arm-none-eabi/4.8.3/../../../../arm-none-eabi/lib/armv7-m\libc.a(lib_a-mallocr.o)
                0x20000ee8                __malloc_current_mallinfo
 *(COMMON)
 COMMON         0x20000f10       0x54 ./src/VCP/src/hw_config.o
                0x20000f10                sendLength
                0x20000f14                HSEStartUpStatus
                0x20000f18                packetSent
                0x20000f1c                EXTI_InitStructure
                0x20000f24                receiveBuffer
 COMMON         0x20000f64        0x4 ./src/VCP/src/usb_endp.o
                0x20000f64                receiveLength
 COMMON         0x20000f68        0x2 ./src/VCP/src/usb_istr.o
                0x20000f68                wIstr
 *fill*         0x20000f6a        0x2 
 COMMON         0x20000f6c       0x24 ./src/VCP/src/usb_pwr.o
                0x20000f6c                ResumeS
                0x20000f70                EP
 COMMON         0x20000f90        0x4 ./src/commhandler.o
                0x20000f90                ConfigMode
 COMMON         0x20000f94       0x30 ./src/engine.o
                0x20000f94                CameraOrient
                0x20000fa0                AccAngleSmooth
                0x20000fac                Output
                0x20000fb8                roll_angle_correction
                0x20000fbc                yaw_angle_correction
                0x20000fc0                pitch_angle_correction
 COMMON         0x20000fc4      0x800 ./src/fasttrig.o
                0x20000fc4                sinDataI16
 COMMON         0x200017c4        0x8 ./src/i2c.o
                0x200017c4                I2Cerrorcount
                0x200017c8                I2Cerror
 COMMON         0x200017cc       0x24 ./src/pwm.o
                0x200017cc                MaxCnt
                0x200017d8                MinCnt
                0x200017e4                IrqCnt
 COMMON         0x200017f0        0x4 ./src/usart.o
                0x200017f0                IrqCntUart4
 COMMON         0x200017f4      0x210 ./src/usb.o
                0x200017f4                RingBufferUSBTX
 COMMON         0x20001a04        0x2 ./Libraries/STM32_USB-FS-Device_Driver/src/usb_core.o
                0x20001a04                StatusInfo
 *fill*         0x20001a06        0x2 
 COMMON         0x20001a08       0x32 ./Libraries/STM32_USB-FS-Device_Driver/src/usb_init.o
                0x20001a08                SaveState
                0x20001a0c                pProperty
                0x20001a10                EPindex
                0x20001a14                Device_Info
                0x20001a30                pUser_Standard_Requests
                0x20001a34                pInformation
                0x20001a38                wInterrupt_Mask
 COMMON         0x20001a3a        0x4 ./Libraries/STM32_USB-FS-Device_Driver/src/usb_int.o
                0x20001a3a                SaveRState
                0x20001a3c                SaveTState
 *fill*         0x20001a3e        0x2 
 COMMON         0x20001a40        0x4 c:/program files (x86)/gnu tools arm embedded/4.8 2013q4/bin/../lib/gcc/arm-none-eabi/4.8.3/../../../../arm-none-eabi/lib/armv7-m\libc.a(lib_a-reent.o)
                0x20001a40                errno
                0x20001a44                . = ALIGN (0x4)
                0x20001a44                _ebss = .
                0x20001a44                __bss_end__ = _ebss

._user_heap_stack
                0x20001a44      0x200 load address 0x0800d864
                0x20001a44                . = ALIGN (0x4)
                0x20001a44                PROVIDE (end, .)
                0x20001a44                PROVIDE (_end, .)
                0x20001a44                . = (. + _Min_Heap_Size)
                0x20001c44                . = (. + _Min_Stack_Size)
 *fill*         0x20001a44      0x200 
                0x20001c44                . = ALIGN (0x4)

/DISCARD/
 libc.a(*)
 libm.a(*)
 libgcc.a(*)

.ARM.attributes
                0x00000000       0x31
 *(.ARM.attributes)
 .ARM.attributes
                0x00000000       0x21 ./src/startup/startup_stm32f10x_hd.o
 .ARM.attributes
                0x00000021       0x33 ./src/VCP/src/hw_config.o
 .ARM.attributes
                0x00000054       0x33 ./src/VCP/src/usb_desc.o
 .ARM.attributes
                0x00000087       0x33 ./src/VCP/src/usb_endp.o
 .ARM.attributes
                0x000000ba       0x33 ./src/VCP/src/usb_istr.o
 .ARM.attributes
                0x000000ed       0x33 ./src/VCP/src/usb_prop.o
 .ARM.attributes
                0x00000120       0x33 ./src/VCP/src/usb_pwr.o
 .ARM.attributes
                0x00000153       0x33 ./src/adc.o
 .ARM.attributes
                0x00000186       0x33 ./src/comio.o
 .ARM.attributes
                0x000001b9       0x33 ./src/commhandler.o
 .ARM.attributes
                0x000001ec       0x33 ./src/config.o
 .ARM.attributes
                0x0000021f       0x33 ./src/eeprom.o
 .ARM.attributes
                0x00000252       0x33 ./src/engine.o
 .ARM.attributes
                0x00000285       0x33 ./src/fasttrig.o
 .ARM.attributes
                0x000002b8       0x33 ./src/gyro.o
 .ARM.attributes
                0x000002eb       0x33 ./src/i2c.o
 .ARM.attributes
                0x0000031e       0x33 ./src/main.o
 .ARM.attributes
                0x00000351       0x33 ./src/newlib_stubs.o
 .ARM.attributes
                0x00000384       0x33 ./src/pins.o
 .ARM.attributes
                0x000003b7       0x33 ./src/pwm.o
 .ARM.attributes
                0x000003ea       0x33 ./src/rc.o
 .ARM.attributes
                0x0000041d       0x33 ./src/reboot.o
 .ARM.attributes
                0x00000450       0x33 ./src/ringbuffer.o
 .ARM.attributes
                0x00000483       0x33 ./src/stm32_it.o
 .ARM.attributes
                0x000004b6       0x33 ./src/stopwatch.o
 .ARM.attributes
                0x000004e9       0x33 ./src/system_stm32f10x.o
 .ARM.attributes
                0x0000051c       0x33 ./src/systick.o
 .ARM.attributes
                0x0000054f       0x33 ./src/usart.o
 .ARM.attributes
                0x00000582       0x33 ./src/usb.o
 .ARM.attributes
                0x000005b5       0x33 ./src/utils.o
 .ARM.attributes
                0x000005e8       0x33 ./Libraries/STM32_USB-FS-Device_Driver/src/usb_core.o
 .ARM.attributes
                0x0000061b       0x33 ./Libraries/STM32_USB-FS-Device_Driver/src/usb_init.o
 .ARM.attributes
                0x0000064e       0x33 ./Libraries/STM32_USB-FS-Device_Driver/src/usb_int.o
 .ARM.attributes
                0x00000681       0x33 ./Libraries/STM32_USB-FS-Device_Driver/src/usb_mem.o
 .ARM.attributes
                0x000006b4       0x33 ./Libraries/STM32_USB-FS-Device_Driver/src/usb_regs.o
 .ARM.attributes
                0x000006e7       0x33 ./Libraries/STM32_USB-FS-Device_Driver/src/usb_sil.o
 .ARM.attributes
                0x0000071a       0x33 ./Libraries/STM32F10x_StdPeriph_Driver/src/misc.o
 .ARM.attributes
                0x0000074d       0x33 ./Libraries/STM32F10x_StdPeriph_Driver/src/stm32f10x_adc.o
 .ARM.attributes
                0x00000780       0x33 ./Libraries/STM32F10x_StdPeriph_Driver/src/stm32f10x_exti.o
 .ARM.attributes
                0x000007b3       0x33 ./Libraries/STM32F10x_StdPeriph_Driver/src/stm32f10x_gpio.o
 .ARM.attributes
                0x000007e6       0x33 ./Libraries/STM32F10x_StdPeriph_Driver/src/stm32f10x_rcc.o
 .ARM.attributes
                0x00000819       0x33 ./Libraries/STM32F10x_StdPeriph_Driver/src/stm32f10x_tim.o
 .ARM.attributes
                0x0000084c       0x33 ./Libraries/STM32F10x_StdPeriph_Driver/src/stm32f10x_usart.o
 .ARM.attributes
                0x0000087f       0x2d c:/program files (x86)/gnu tools arm embedded/4.8 2013q4/bin/../lib/gcc/arm-none-eabi/4.8.3/../../../../arm-none-eabi/lib/armv7-m\libm.a(lib_a-sf_cos.o)
 .ARM.attributes
                0x000008ac       0x2d c:/program files (x86)/gnu tools arm embedded/4.8 2013q4/bin/../lib/gcc/arm-none-eabi/4.8.3/../../../../arm-none-eabi/lib/armv7-m\libm.a(lib_a-sf_sin.o)
 .ARM.attributes
                0x000008d9       0x2d c:/program files (x86)/gnu tools arm embedded/4.8 2013q4/bin/../lib/gcc/arm-none-eabi/4.8.3/../../../../arm-none-eabi/lib/armv7-m\libm.a(lib_a-wf_atan2.o)
 .ARM.attributes
                0x00000906       0x2d c:/program files (x86)/gnu tools arm embedded/4.8 2013q4/bin/../lib/gcc/arm-none-eabi/4.8.3/../../../../arm-none-eabi/lib/armv7-m\libm.a(lib_a-wf_sqrt.o)
 .ARM.attributes
                0x00000933       0x2d c:/program files (x86)/gnu tools arm embedded/4.8 2013q4/bin/../lib/gcc/arm-none-eabi/4.8.3/../../../../arm-none-eabi/lib/armv7-m\libm.a(lib_a-ef_atan2.o)
 .ARM.attributes
                0x00000960       0x2d c:/program files (x86)/gnu tools arm embedded/4.8 2013q4/bin/../lib/gcc/arm-none-eabi/4.8.3/../../../../arm-none-eabi/lib/armv7-m\libm.a(lib_a-ef_rem_pio2.o)
 .ARM.attributes
                0x0000098d       0x2d c:/program files (x86)/gnu tools arm embedded/4.8 2013q4/bin/../lib/gcc/arm-none-eabi/4.8.3/../../../../arm-none-eabi/lib/armv7-m\libm.a(lib_a-ef_sqrt.o)
 .ARM.attributes
                0x000009ba       0x2d c:/program files (x86)/gnu tools arm embedded/4.8 2013q4/bin/../lib/gcc/arm-none-eabi/4.8.3/../../../../arm-none-eabi/lib/armv7-m\libm.a(lib_a-kf_cos.o)
 .ARM.attributes
                0x000009e7       0x2d c:/program files (x86)/gnu tools arm embedded/4.8 2013q4/bin/../lib/gcc/arm-none-eabi/4.8.3/../../../../arm-none-eabi/lib/armv7-m\libm.a(lib_a-kf_rem_pio2.o)
 .ARM.attributes
                0x00000a14       0x2d c:/program files (x86)/gnu tools arm embedded/4.8 2013q4/bin/../lib/gcc/arm-none-eabi/4.8.3/../../../../arm-none-eabi/lib/armv7-m\libm.a(lib_a-kf_sin.o)
 .ARM.attributes
                0x00000a41       0x2d c:/program files (x86)/gnu tools arm embedded/4.8 2013q4/bin/../lib/gcc/arm-none-eabi/4.8.3/../../../../arm-none-eabi/lib/armv7-m\libm.a(lib_a-s_lib_ver.o)
 .ARM.attributes
                0x00000a6e       0x2d c:/program files (x86)/gnu tools arm embedded/4.8 2013q4/bin/../lib/gcc/arm-none-eabi/4.8.3/../../../../arm-none-eabi/lib/armv7-m\libm.a(lib_a-s_matherr.o)
 .ARM.attributes
                0x00000a9b       0x2d c:/program files (x86)/gnu tools arm embedded/4.8 2013q4/bin/../lib/gcc/arm-none-eabi/4.8.3/../../../../arm-none-eabi/lib/armv7-m\libm.a(lib_a-sf_atan.o)
 .ARM.attributes
                0x00000ac8       0x2d c:/program files (x86)/gnu tools arm embedded/4.8 2013q4/bin/../lib/gcc/arm-none-eabi/4.8.3/../../../../arm-none-eabi/lib/armv7-m\libm.a(lib_a-sf_fabs.o)
 .ARM.attributes
                0x00000af5       0x2d c:/program files (x86)/gnu tools arm embedded/4.8 2013q4/bin/../lib/gcc/arm-none-eabi/4.8.3/../../../../arm-none-eabi/lib/armv7-m\libm.a(lib_a-sf_floor.o)
 .ARM.attributes
                0x00000b22       0x2d c:/program files (x86)/gnu tools arm embedded/4.8 2013q4/bin/../lib/gcc/arm-none-eabi/4.8.3/../../../../arm-none-eabi/lib/armv7-m\libm.a(lib_a-sf_fpclassify.o)
 .ARM.attributes
                0x00000b4f       0x2d c:/program files (x86)/gnu tools arm embedded/4.8 2013q4/bin/../lib/gcc/arm-none-eabi/4.8.3/../../../../arm-none-eabi/lib/armv7-m\libm.a(lib_a-sf_scalbn.o)
 .ARM.attributes
                0x00000b7c       0x2d c:/program files (x86)/gnu tools arm embedded/4.8 2013q4/bin/../lib/gcc/arm-none-eabi/4.8.3/../../../../arm-none-eabi/lib/armv7-m\libm.a(lib_a-sf_copysign.o)
 .ARM.attributes
                0x00000ba9       0x1d c:/program files (x86)/gnu tools arm embedded/4.8 2013q4/bin/../lib/gcc/arm-none-eabi/4.8.3/armv7-m\libgcc.a(_arm_addsubdf3.o)
 .ARM.attributes
                0x00000bc6       0x1d c:/program files (x86)/gnu tools arm embedded/4.8 2013q4/bin/../lib/gcc/arm-none-eabi/4.8.3/armv7-m\libgcc.a(_arm_muldivdf3.o)
 .ARM.attributes
                0x00000be3       0x1d c:/program files (x86)/gnu tools arm embedded/4.8 2013q4/bin/../lib/gcc/arm-none-eabi/4.8.3/armv7-m\libgcc.a(_arm_cmpdf2.o)
 .ARM.attributes
                0x00000c00       0x1d c:/program files (x86)/gnu tools arm embedded/4.8 2013q4/bin/../lib/gcc/arm-none-eabi/4.8.3/armv7-m\libgcc.a(_arm_fixdfsi.o)
 .ARM.attributes
                0x00000c1d       0x1d c:/program files (x86)/gnu tools arm embedded/4.8 2013q4/bin/../lib/gcc/arm-none-eabi/4.8.3/armv7-m\libgcc.a(_arm_truncdfsf2.o)
 .ARM.attributes
                0x00000c3a       0x1d c:/program files (x86)/gnu tools arm embedded/4.8 2013q4/bin/../lib/gcc/arm-none-eabi/4.8.3/armv7-m\libgcc.a(_arm_addsubsf3.o)
 .ARM.attributes
                0x00000c57       0x1d c:/program files (x86)/gnu tools arm embedded/4.8 2013q4/bin/../lib/gcc/arm-none-eabi/4.8.3/armv7-m\libgcc.a(_arm_muldivsf3.o)
 .ARM.attributes
                0x00000c74       0x1d c:/program files (x86)/gnu tools arm embedded/4.8 2013q4/bin/../lib/gcc/arm-none-eabi/4.8.3/armv7-m\libgcc.a(_arm_cmpsf2.o)
 .ARM.attributes
                0x00000c91       0x1d c:/program files (x86)/gnu tools arm embedded/4.8 2013q4/bin/../lib/gcc/arm-none-eabi/4.8.3/armv7-m\libgcc.a(_arm_fixsfsi.o)
 .ARM.attributes
                0x00000cae       0x2d c:/program files (x86)/gnu tools arm embedded/4.8 2013q4/bin/../lib/gcc/arm-none-eabi/4.8.3/../../../../arm-none-eabi/lib/armv7-m\libc.a(lib_a-errno.o)
 .ARM.attributes
                0x00000cdb       0x2d c:/program files (x86)/gnu tools arm embedded/4.8 2013q4/bin/../lib/gcc/arm-none-eabi/4.8.3/../../../../arm-none-eabi/lib/armv7-m\libc.a(lib_a-impure.o)
 .ARM.attributes
                0x00000d08       0x2d c:/program files (x86)/gnu tools arm embedded/4.8 2013q4/bin/../lib/gcc/arm-none-eabi/4.8.3/../../../../arm-none-eabi/lib/armv7-m\libc.a(lib_a-init.o)
 .ARM.attributes
                0x00000d35       0x1b c:/program files (x86)/gnu tools arm embedded/4.8 2013q4/bin/../lib/gcc/arm-none-eabi/4.8.3/../../../../arm-none-eabi/lib/armv7-m\libc.a(lib_a-memcpy.o)
 .ARM.attributes
                0x00000d50       0x2d c:/program files (x86)/gnu tools arm embedded/4.8 2013q4/bin/../lib/gcc/arm-none-eabi/4.8.3/../../../../arm-none-eabi/lib/armv7-m\libc.a(lib_a-reent.o)
 .ARM.attributes
                0x00000d7d       0x2d c:/program files (x86)/gnu tools arm embedded/4.8 2013q4/bin/../lib/gcc/arm-none-eabi/4.8.3/../../../../arm-none-eabi/lib/armv7-m\libc.a(lib_a-strlen.o)
 .ARM.attributes
                0x00000daa       0x2d c:/program files (x86)/gnu tools arm embedded/4.8 2013q4/bin/../lib/gcc/arm-none-eabi/4.8.3/../../../../arm-none-eabi/lib/armv7-m\libc.a(lib_a-vsnprintf.o)
 .ARM.attributes
                0x00000dd7       0x2d c:/program files (x86)/gnu tools arm embedded/4.8 2013q4/bin/../lib/gcc/arm-none-eabi/4.8.3/../../../../arm-none-eabi/lib/armv7-m\libc.a(lib_a-freer.o)
 .ARM.attributes